Component: ARM Compiler 6.16 Tool: armlink [5dfeaa00]

==============================================================================

Section Cross References

    startup_stm32f100xb.o(STACK) refers (Special) to heapauxi.o(.text) for __use_two_region_memory
    startup_stm32f100xb.o(HEAP) refers (Special) to heapauxi.o(.text) for __use_two_region_memory
    startup_stm32f100xb.o(RESET) refers (Special) to heapauxi.o(.text) for __use_two_region_memory
    startup_stm32f100xb.o(RESET) refers to startup_stm32f100xb.o(STACK) for __initial_sp
    startup_stm32f100xb.o(RESET) refers to startup_stm32f100xb.o(.text) for Reset_Handler
    startup_stm32f100xb.o(RESET) refers to stm32f1xx_it.o(.text.NMI_Handler) for NMI_Handler
    startup_stm32f100xb.o(RESET) refers to stm32f1xx_it.o(.text.HardFault_Handler) for HardFault_Handler
    startup_stm32f100xb.o(RESET) refers to stm32f1xx_it.o(.text.MemManage_Handler) for MemManage_Handler
    startup_stm32f100xb.o(RESET) refers to stm32f1xx_it.o(.text.BusFault_Handler) for BusFault_Handler
    startup_stm32f100xb.o(RESET) refers to stm32f1xx_it.o(.text.UsageFault_Handler) for UsageFault_Handler
    startup_stm32f100xb.o(RESET) refers to stm32f1xx_it.o(.text.SVC_Handler) for SVC_Handler
    startup_stm32f100xb.o(RESET) refers to stm32f1xx_it.o(.text.DebugMon_Handler) for DebugMon_Handler
    startup_stm32f100xb.o(RESET) refers to stm32f1xx_it.o(.text.PendSV_Handler) for PendSV_Handler
    startup_stm32f100xb.o(RESET) refers to stm32f1xx_it.o(.text.SysTick_Handler) for SysTick_Handler
    startup_stm32f100xb.o(RESET) refers to stm32f1xx_it.o(.text.DMA1_Channel7_IRQHandler) for DMA1_Channel7_IRQHandler
    startup_stm32f100xb.o(RESET) refers to stm32f1xx_it.o(.text.TIM1_UP_TIM16_IRQHandler) for TIM1_UP_TIM16_IRQHandler
    startup_stm32f100xb.o(RESET) refers to stm32f1xx_it.o(.text.TIM1_TRG_COM_TIM17_IRQHandler) for TIM1_TRG_COM_TIM17_IRQHandler
    startup_stm32f100xb.o(RESET) refers to stm32f1xx_it.o(.text.TIM4_IRQHandler) for TIM4_IRQHandler
    startup_stm32f100xb.o(RESET) refers to stm32f1xx_it.o(.text.TIM6_DAC_IRQHandler) for TIM6_DAC_IRQHandler
    startup_stm32f100xb.o(RESET) refers to stm32f1xx_it.o(.text.TIM7_IRQHandler) for TIM7_IRQHandler
    startup_stm32f100xb.o(.text) refers (Special) to heapauxi.o(.text) for __use_two_region_memory
    startup_stm32f100xb.o(.text) refers to system_stm32f1xx.o(.text.SystemInit) for SystemInit
    startup_stm32f100xb.o(.text) refers to __main.o(!!!main) for __main
    startup_stm32f100xb.o(.text) refers to startup_stm32f100xb.o(HEAP) for Heap_Mem
    startup_stm32f100xb.o(.text) refers to startup_stm32f100xb.o(STACK) for Stack_Mem
    hd44780_driver.o(.text.HD44780_Command) refers to timers.o(.text.delay_us) for delay_us
    hd44780_driver.o(.text.HD44780_Command) refers to hd44780_driver.o(.text.LL_GPIO_ResetOutputPin) for LL_GPIO_ResetOutputPin
    hd44780_driver.o(.text.HD44780_Command) refers to hd44780_driver.o(.text.LL_GPIO_SetOutputPin) for LL_GPIO_SetOutputPin
    hd44780_driver.o(.ARM.exidx.text.HD44780_Command) refers to hd44780_driver.o(.text.HD44780_Command) for [Anonymous Symbol]
    hd44780_driver.o(.ARM.exidx.text.LL_GPIO_ResetOutputPin) refers to hd44780_driver.o(.text.LL_GPIO_ResetOutputPin) for [Anonymous Symbol]
    hd44780_driver.o(.ARM.exidx.text.LL_GPIO_SetOutputPin) refers to hd44780_driver.o(.text.LL_GPIO_SetOutputPin) for [Anonymous Symbol]
    hd44780_driver.o(.text.HD44780_Data) refers to timers.o(.text.delay_us) for delay_us
    hd44780_driver.o(.text.HD44780_Data) refers to hd44780_driver.o(.text.LL_GPIO_SetOutputPin) for LL_GPIO_SetOutputPin
    hd44780_driver.o(.text.HD44780_Data) refers to hd44780_driver.o(.text.LL_GPIO_ResetOutputPin) for LL_GPIO_ResetOutputPin
    hd44780_driver.o(.ARM.exidx.text.HD44780_Data) refers to hd44780_driver.o(.text.HD44780_Data) for [Anonymous Symbol]
    hd44780_driver.o(.text.HD44780_Init) refers to timers.o(.text.delay_us) for delay_us
    hd44780_driver.o(.text.HD44780_Init) refers to hd44780_driver.o(.text.HD44780_Command) for HD44780_Command
    hd44780_driver.o(.ARM.exidx.text.HD44780_Init) refers to hd44780_driver.o(.text.HD44780_Init) for [Anonymous Symbol]
    hd44780_driver.o(.text.HD44780_ClearLCD) refers to timers.o(.text.delay_us) for delay_us
    hd44780_driver.o(.text.HD44780_ClearLCD) refers to hd44780_driver.o(.text.HD44780_Command) for HD44780_Command
    hd44780_driver.o(.ARM.exidx.text.HD44780_ClearLCD) refers to hd44780_driver.o(.text.HD44780_ClearLCD) for [Anonymous Symbol]
    hd44780_driver.o(.text.HD44780_SendChar) refers to hd44780_driver.o(.text.HD44780_Data) for HD44780_Data
    hd44780_driver.o(.ARM.exidx.text.HD44780_SendChar) refers to hd44780_driver.o(.text.HD44780_SendChar) for [Anonymous Symbol]
    hd44780_driver.o(.text.HD44780_SetPos) refers to hd44780_driver.o(.text.HD44780_Command) for HD44780_Command
[...]
    __NVIC_SetPriorityGrouping               0x08004b7d   Thumb Code    32  stm32f1xx_hal_cortex.o(.text.__NVIC_SetPriorityGrouping)
    [Anonymous Symbol]                       0x08004b7c   Section        0  stm32f1xx_hal_cortex.o(.text.__NVIC_SetPriorityGrouping)
    [Anonymous Symbol]                       0x08004b9c   Section        0  main.o(.text.config_speed)
    [Anonymous Symbol]                       0x08004be0   Section        0  stm32f1xx_it.o(.text.delay_ms2)
    [Anonymous Symbol]                       0x08004bfc   Section        0  timers.o(.text.delay_us)
    [Anonymous Symbol]                       0x08004c50   Section        0  stm32f1xx_it.o(.text.disp_render)
    [Anonymous Symbol]                       0x08004c8c   Section        0  main.o(.text.main)
    [Anonymous Symbol]                       0x08004ea8   Section        0  main.o(.text.nema_start)
    [Anonymous Symbol]                       0x08004ebc   Section        0  main.o(.text.nema_start_part)
    [Anonymous Symbol]                       0x08004ee0   Section        0  stm32f1xx_it.o(.text.read_callback_sensor)
    scale8                                   0x08004f49   Thumb Code     6  argb.o(.text.scale8)
    [Anonymous Symbol]                       0x08004f48   Section        0  argb.o(.text.scale8)
    [Anonymous Symbol]                       0x08004f50   Section        0  stm32f1xx_it.o(.text.scan_keyb)
    i._is_digit                              0x080054b4   Section        0  __printf_wp.o(i._is_digit)
    locale$$code                             0x080054c4   Section       44  lc_ctype_c.o(locale$$code)
    x$fpl$dfix                               0x080054f0   Section       94  dfix.o(x$fpl$dfix)
    x$fpl$dfltu                              0x0800554e   Section       38  dflt_clz.o(x$fpl$dfltu)
    x$fpl$dmul                               0x08005574   Section      340  dmul.o(x$fpl$dmul)
    x$fpl$dnaninf                            0x080056c8   Section      156  dnaninf.o(x$fpl$dnaninf)
    x$fpl$dretinf                            0x08005764   Section       12  dretinf.o(x$fpl$dretinf)
    maptable                                 0x08005770   Data          17  __printf_flags_wp.o(.constdata)
    .constdata                               0x08005770   Section       17  __printf_flags_wp.o(.constdata)
    x$fpl$usenofp                            0x08005770   Section        0  usenofp.o(x$fpl$usenofp)
    .L.str                                   0x08005799   Data           3  ba63.o(.rodata.str1.1)
    [Anonymous Symbol]                       0x08005799   Section        0  ba63.o(.rodata.str1.1)
    .L.str.3                                 0x0800579c   Data           5  stm32f1xx_it.o(.rodata.str1.1)
    [Anonymous Symbol]                       0x0800579c   Section        0  stm32f1xx_it.o(.rodata.str1.1)
    .L.str.1                                 0x080057a1   Data           5  stm32f1xx_it.o(.rodata.str1.1)
    .L__const.main.author                    0x080057a8   Data          21  main.o(.rodata.str1.4)
    [Anonymous Symbol]                       0x080057a8   Section        0  main.o(.rodata.str1.4)
    .L__const.main.fwVer                     0x080057c0   Data          21  main.o(.rodata.str1.4)
    .L__const.main.projectCode               0x080057d8   Data          21  main.o(.rodata.str1.4)
    .L__const.main.deviceName                0x080057f0   Data          21  main.o(.rodata.str1.4)
    locale$$data                             0x08005828   Section      272  lc_ctype_c.o(locale$$data)
    __lcctype_c_name                         0x0800582c   Data           2  lc_ctype_c.o(locale$$data)
    __lcctype_c_start                        0x08005834   Data           0  lc_ctype_c.o(locale$$data)
    __lcctype_c_end                          0x08005938   Data           0  lc_ctype_c.o(locale$$data)
    .bss                                     0x200001c8   Section       96  libspace.o(.bss)
    TIM1_UP_TIM16_IRQHandler.framChar        0x20000355   Data           6  stm32f1xx_it.o(.bss.TIM1_UP_TIM16_IRQHandler.framChar)
    [Anonymous Symbol]                       0x20000355   Section        0  stm32f1xx_it.o(.bss.TIM1_UP_TIM16_IRQHandler.framChar)
    blueLevel                                0x200003b6   Data           4  stm32f1xx_it.o(.bss.blueLevel)
    [Anonymous Symbol]                       0x200003b6   Section        0  stm32f1xx_it.o(.bss.blueLevel)
    greenLevel                               0x200003e2   Data           4  stm32f1xx_it.o(.bss.greenLevel)
    [Anonymous Symbol]                       0x200003e2   Section        0  stm32f1xx_it.o(.bss.greenLevel)
    redLevel                                 0x2000072a   Data           4  stm32f1xx_it.o(.bss.redLevel)
    [Anonymous Symbol]                       0x2000072a   Section        0  stm32f1xx_it.o(.bss.redLevel)
    Heap_Mem                                 0x20000758   Data         512  startup_stm32f100xb.o(HEAP)
    HEAP                                     0x20000758   Section      512  startup_stm32f100xb.o(HEAP)
    Stack_Mem                                0x20000958   Data        1024  startup_stm32f100xb.o(STACK)
    STACK                                    0x20000958   Section     1024  startup_stm32f100xb.o(STACK)
    __initial_sp                             0x20000d58   Data           0  startup_stm32f100xb.o(STACK)

    Global Symbols

    Symbol Name                              Value     Ov Type        Size  Object(Section)

    BuildAttributes$$THM_ISAv4$P$D$K$B$S$PE$A:L22UL41UL21$X:L11$S22US41US21$IEEE1$IW$~IW$USESV6$~STKCKD$USESV7$~SHL$OTIME$ROPI$IEEEJ$EBA8$UX$STANDARDLIB$REQ8$PRES8$EABIv2 0x00000000   Number         0  anon$$obj.o ABSOLUTE
    __fp_init_empty                          0x00000000   Number         0  fpinit_empty.o ABSOLUTE
    _printf_flags                            0x00000000   Number         0  printf_stubs.o ABSOLUTE
    _printf_return_value                     0x00000000   Number         0  printf_stubs.o ABSOLUTE
    _printf_sizespec                         0x00000000   Number         0  printf_stubs.o ABSOLUTE
    _printf_widthprec                        0x00000000   Number         0  printf_stubs.o ABSOLUTE
    __ARM_exceptions_init                     - Undefined Weak Reference
    __alloca_initialize                       - Undefined Weak Reference
    __arm_preinit_                            - Undefined Weak Reference
    __cpp_initialize__aeabi_                  - Undefined Weak Reference
    __cxa_finalize                            - Undefined Weak Reference
    __decompress                              - Undefined Weak Reference
    __sigvec_lookup                           - Undefined Weak Reference
    _atexit_init                              - Undefined Weak Reference
    _call_atexit_fns                          - Undefined Weak Reference
    _clock_init                               - Undefined Weak Reference
    _fp_trap_init                             - Undefined Weak Reference
    _fp_trap_shutdown                         - Undefined Weak Reference
    _get_lc_collate                           - Undefined Weak Reference
    _get_lc_monetary                          - Undefined Weak Reference
    _get_lc_numeric                           - Undefined Weak Reference
    _get_lc_time                              - Undefined Weak Reference
    _getenv_init                              - Undefined Weak Reference
    _handle_redirection                       - Undefined Weak Reference
    _init_alloc                               - Undefined Weak Reference
    _init_user_alloc                          - Undefined Weak Reference
    _initio                                   - Undefined Weak Reference
    _printf_truncate_signed                   - Undefined Weak Reference
    _printf_truncate_unsigned                 - Undefined Weak Reference
    _rand_init                                - Undefined Weak Reference
    _signal_finish                            - Undefined Weak Reference
    _signal_init                              - Undefined Weak Reference
    _terminate_alloc                          - Undefined Weak Reference
    _terminate_user_alloc                     - Undefined Weak Reference
    _terminateio                              - Undefined Weak Reference
    __Vectors_Size                           0x00000120   Number         0  startup_stm32f100xb.o ABSOLUTE
    __Vectors                                0x08000000   Data           4  startup_stm32f100xb.o(RESET)
    __Vectors_End                            0x08000120   Data           0  startup_stm32f100xb.o(RESET)
    __main                                   0x08000121   Thumb Code     8  __main.o(!!!main)
    __scatterload                            0x08000129   Thumb Code     0  __scatter.o(!!!scatter)
    __scatterload_rt2                        0x08000129   Thumb Code    44  __scatter.o(!!!scatter)
    __scatterload_rt2_thumb_only             0x08000129   Thumb Code     0  __scatter.o(!!!scatter)
    __scatterload_null                       0x08000137   Thumb Code     0  __scatter.o(!!!scatter)
    __scatterload_copy                       0x0800015d   Thumb Code    26  __scatter_copy.o(!!handler_copy)
    __scatterload_zeroinit                   0x08000179   Thumb Code    28  __scatter_zi.o(!!handler_zi)
    _printf_d                                0x08000195   Thumb Code     0  _printf_d.o(.ARM.Collect$$_printf_percent$$00000009)
    _printf_percent                          0x08000195   Thumb Code     0  _printf_percent.o(.ARM.Collect$$_printf_percent$$00000000)
    _printf_percent_end                      0x0800019b   Thumb Code     0  _printf_percent_end.o(.ARM.Collect$$_printf_percent$$00000017)
    __rt_lib_init                            0x0800019f   Thumb Code     0  libinit.o(.ARM.Collect$$libinit$$00000000)
    __rt_lib_init_fp_1                       0x080001a1   Thumb Code     0  libinit2.o(.ARM.Collect$$libinit$$00000002)
    __rt_lib_init_heap_1                     0x080001a1   Thumb Code     0  libinit2.o(.ARM.Collect$$libinit$$0000000A)
    __rt_lib_init_lc_common                  0x080001a1   Thumb Code     0  libinit2.o(.ARM.Collect$$libinit$$0000000F)
    __rt_lib_init_preinit_1                  0x080001a1   Thumb Code     0  libinit2.o(.ARM.Collect$$libinit$$00000004)
    __rt_lib_init_rand_1                     0x080001a1   Thumb Code     0  libinit2.o(.ARM.Collect$$libinit$$0000000E)
    __rt_lib_init_user_alloc_1               0x080001a1   Thumb Code     0  libinit2.o(.ARM.Collect$$libinit$$0000000C)
    __rt_lib_init_lc_collate_1               0x080001a7   Thumb Code     0  libinit2.o(.ARM.Collect$$libinit$$00000011)
    __rt_lib_init_lc_ctype_2                 0x080001a7   Thumb Code     0  libinit2.o(.ARM.Collect$$libinit$$00000012)
    __rt_lib_init_alloca_1                   0x080001b3   Thumb Code     0  libinit2.o(.ARM.Collect$$libinit$$0000002E)
    __rt_lib_init_argv_1                     0x080001b3   Thumb Code     0  libinit2.o(.ARM.Collect$$libinit$$0000002C)
    __rt_lib_init_atexit_1                   0x080001b3   Thumb Code     0  libinit2.o(.ARM.Collect$$libinit$$0000001B)
    __rt_lib_init_clock_1                    0x080001b3   Thumb Code     0  libinit2.o(.ARM.Collect$$libinit$$00000021)
    __rt_lib_init_cpp_1                      0x080001b3   Thumb Code     0  libinit2.o(.ARM.Collect$$libinit$$00000032)
    __rt_lib_init_exceptions_1               0x080001b3   Thumb Code     0  libinit2.o(.ARM.Collect$$libinit$$00000030)
    __rt_lib_init_fp_trap_1                  0x080001b3   Thumb Code     0  libinit2.o(.ARM.Collect$$libinit$$0000001F)
    __rt_lib_init_getenv_1                   0x080001b3   Thumb Code     0  libinit2.o(.ARM.Collect$$libinit$$00000023)
    __rt_lib_init_lc_ctype_1                 0x080001b3   Thumb Code     0  libinit2.o(.ARM.Collect$$libinit$$00000013)
    __rt_lib_init_lc_monetary_1              0x080001b3   Thumb Code     0  libinit2.o(.ARM.Collect$$libinit$$00000015)
    __rt_lib_init_lc_numeric_1               0x080001b3   Thumb Code     0  libinit2.o(.ARM.Collect$$libinit$$00000017)
    __rt_lib_init_lc_time_1                  0x080001b3   Thumb Code     0  libinit2.o(.ARM.Collect$$libinit$$00000019)
    __rt_lib_init_return                     0x080001b3   Thumb Code     0  libinit2.o(.ARM.Collect$$libinit$$00000033)
    __rt_lib_init_signal_1                   0x080001b3   Thumb Code     0  libinit2.o(.ARM.Collect$$libinit$$0000001D)
    __rt_lib_init_stdio_1                    0x080001b3   Thumb Code     0  libinit2.o(.ARM.Collect$$libinit$$00000025)
    __rt_lib_shutdown                        0x080001b5   Thumb Code     0  libshutdown.o(.ARM.Collect$$libshutdown$$00000000)
    __rt_lib_shutdown_cpp_1                  0x080001b7   Thumb Code     0  libshutdown2.o(.ARM.Collect$$libshutdown$$00000002)
    __rt_lib_shutdown_fp_trap_1              0x080001b7   Thumb Code     0  libshutdown2.o(.ARM.Collect$$libshutdown$$00000007)
    __rt_lib_shutdown_heap_1                 0x080001b7   Thumb Code     0  libshutdown2.o(.ARM.Collect$$libshutdown$$0000000F)
    __rt_lib_shutdown_return                 0x080001b7   Thumb Code     0  libshutdown2.o(.ARM.Collect$$libshutdown$$00000010)
    __rt_lib_shutdown_signal_1               0x080001b7   Thumb Code     0  libshutdown2.o(.ARM.Collect$$libshutdown$$0000000A)
    __rt_lib_shutdown_stdio_1                0x080001b7   Thumb Code     0  libshutdown2.o(.ARM.Collect$$libshutdown$$00000004)
    __rt_lib_shutdown_user_alloc_1           0x080001b7   Thumb Code     0  libshutdown2.o(.ARM.Collect$$libshutdown$$0000000C)
    __rt_entry                               0x080001b9   Thumb Code     0  __rtentry.o(.ARM.Collect$$rtentry$$00000000)
    __rt_entry_presh_1                       0x080001b9   Thumb Code     0  __rtentry2.o(.ARM.Collect$$rtentry$$00000002)
    __rt_entry_sh                            0x080001b9   Thumb Code     0  __rtentry4.o(.ARM.Collect$$rtentry$$00000004)
    __rt_entry_li                            0x080001bf   Thumb Code     0  __rtentry2.o(.ARM.Collect$$rtentry$$0000000A)
    __rt_entry_postsh_1                      0x080001bf   Thumb Code     0  __rtentry2.o(.ARM.Collect$$rtentry$$00000009)
    __rt_entry_main                          0x080001c3   Thumb Code     0  __rtentry2.o(.ARM.Collect$$rtentry$$0000000D)
    __rt_entry_postli_1                      0x080001c3   Thumb Code     0  __rtentry2.o(.ARM.Collect$$rtentry$$0000000C)
    __rt_exit                                0x080001cb   Thumb Code     0  rtexit.o(.ARM.Collect$$rtexit$$00000000)
    __rt_exit_ls                             0x080001cd   Thumb Code     0  rtexit2.o(.ARM.Collect$$rtexit$$00000003)
    __rt_exit_prels_1                        0x080001cd   Thumb Code     0  rtexit2.o(.ARM.Collect$$rtexit$$00000002)
    __rt_exit_exit                           0x080001d1   Thumb Code     0  rtexit2.o(.ARM.Collect$$rtexit$$00000004)
    Reset_Handler                            0x080001d9   Thumb Code     8  startup_stm32f100xb.o(.text)
    ADC1_IRQHandler                          0x080001f3   Thumb Code     0  startup_stm32f100xb.o(.text)
    CEC_IRQHandler                           0x080001f3   Thumb Code     0  startup_stm32f100xb.o(.text)
    DMA1_Channel1_IRQHandler                 0x080001f3   Thumb Code     0  startup_stm32f100xb.o(.text)
    DMA1_Channel2_IRQHandler                 0x080001f3   Thumb Code     0  startup_stm32f100xb.o(.text)
    DMA1_Channel3_IRQHandler                 0x080001f3   Thumb Code     0  startup_stm32f100xb.o(.text)
    DMA1_Channel4_IRQHandler                 0x080001f3   Thumb Code     0  startup_stm32f100xb.o(.text)
    DMA1_Channel5_IRQHandler                 0x080001f3   Thumb Code     0  startup_stm32f100xb.o(.text)
    DMA1_Channel6_IRQHandler                 0x080001f3   Thumb Code     0  startup_stm32f100xb.o(.text)
    EXTI0_IRQHandler                         0x080001f3   Thumb Code     0  startup_stm32f100xb.o(.text)
    EXTI15_10_IRQHandler                     0x080001f3   Thumb Code     0  startup_stm32f100xb.o(.text)
    EXTI1_IRQHandler                         0x080001f3   Thumb Code     0  startup_stm32f100xb.o(.text)
    EXTI2_IRQHandler                         0x080001f3   Thumb Code     0  startup_stm32f100xb.o(.text)
    EXTI3_IRQHandler                         0x080001f3   Thumb Code     0  startup_stm32f100xb.o(.text)
    EXTI4_IRQHandler                         0x080001f3   Thumb Code     0  startup_stm32f100xb.o(.text)
    EXTI9_5_IRQHandler                       0x080001f3   Thumb Code     0  startup_stm32f100xb.o(.text)
    FLASH_IRQHandler                         0x080001f3   Thumb Code     0  startup_stm32f100xb.o(.text)
    I2C1_ER_IRQHandler                       0x080001f3   Thumb Code     0  startup_stm32f100xb.o(.text)
    I2C1_EV_IRQHandler                       0x080001f3   Thumb Code     0  startup_stm32f100xb.o(.text)
    I2C2_ER_IRQHandler                       0x080001f3   Thumb Code     0  startup_stm32f100xb.o(.text)
    I2C2_EV_IRQHandler                       0x080001f3   Thumb Code     0  startup_stm32f100xb.o(.text)
    PVD_IRQHandler                           0x080001f3   Thumb Code     0  startup_stm32f100xb.o(.text)
    RCC_IRQHandler                           0x080001f3   Thumb Code     0  startup_stm32f100xb.o(.text)
    RTC_Alarm_IRQHandler                     0x080001f3   Thumb Code     0  startup_stm32f100xb.o(.text)
    RTC_IRQHandler                           0x080001f3   Thumb Code     0  startup_stm32f100xb.o(.text)
    SPI1_IRQHandler                          0x080001f3   Thumb Code     0  startup_stm32f100xb.o(.text)
    SPI2_IRQHandler                          0x080001f3   Thumb Code     0  startup_stm32f100xb.o(.text)
    TAMPER_IRQHandler                        0x080001f3   Thumb Code     0  startup_stm32f100xb.o(.text)
    TIM1_BRK_TIM15_IRQHandler                0x080001f3   Thumb Code     0  startup_stm32f100xb.o(.text)
    TIM1_CC_IRQHandler                       0x080001f3   Thumb Code     0  startup_stm32f100xb.o(.text)
    TIM2_IRQHandler                          0x080001f3   Thumb Code     0  startup_stm32f100xb.o(.text)
    TIM3_IRQHandler                          0x080001f3   Thumb Code     0  startup_stm32f100xb.o(.text)
    USART1_IRQHandler                        0x080001f3   Thumb Code     0  startup_stm32f100xb.o(.text)
    USART2_IRQHandler                        0x080001f3   Thumb Code     0  startup_stm32f100xb.o(.text)
    USART3_IRQHandler                        0x080001f3   Thumb Code     0  startup_stm32f100xb.o(.text)
    WWDG_IRQHandler                          0x080001f3   Thumb Code     0  startup_stm32f100xb.o(.text)
    __user_initial_stackheap                 0x080001f5   Thumb Code     0  startup_stm32f100xb.o(.text)
    __2sprintf                               0x08000219   Thumb Code    34  noretval__2sprintf.o(.text)
    _printf_pre_padding                      0x08000241   Thumb Code    44  _printf_pad.o(.text)
    _printf_post_padding                     0x0800026d   Thumb Code    34  _printf_pad.o(.text)
    _printf_int_dec                          0x08000291   Thumb Code   104  _printf_dec.o(.text)
    __printf                                 0x08000309   Thumb Code   308  __printf_flags_wp.o(.text)
    atoi                                     0x08000441   Thumb Code    26  atoi.o(.text)
    strcpy                                   0x0800045b   Thumb Code    72  strcpy.o(.text)
    __aeabi_memset                           0x080004a3   Thumb Code    16  aeabi_memset.o(.text)
    __aeabi_memclr4                          0x080004b3   Thumb Code     0  rt_memclr_w.o(.text)
    __aeabi_memclr8                          0x080004b3   Thumb Code     0  rt_memclr_w.o(.text)
    __rt_memclr_w                            0x080004b3   Thumb Code     0  rt_memclr_w.o(.text)
    _memset_w                                0x080004b7   Thumb Code    74  rt_memclr_w.o(.text)
    strncpy                                  0x08000501   Thumb Code    86  strncpy.o(.text)
    __use_two_region_memory                  0x08000557   Thumb Code     2  heapauxi.o(.text)
    __rt_heap_escrow$2region                 0x08000559   Thumb Code     2  heapauxi.o(.text)
    __rt_heap_expand$2region                 0x0800055b   Thumb Code     2  heapauxi.o(.text)
    __aeabi_errno_addr                       0x0800055d   Thumb Code     8  rt_errno_addr_intlibspace.o(.text)
    __errno$intlibspace                      0x0800055d   Thumb Code     0  rt_errno_addr_intlibspace.o(.text)
    __rt_errno_addr$intlibspace              0x0800055d   Thumb Code     0  rt_errno_addr_intlibspace.o(.text)
    _printf_int_common                       0x08000565   Thumb Code   178  _printf_intcommon.o(.text)
    _printf_char_common                      0x08000623   Thumb Code    32  _printf_char_common.o(.text)
    _sputc                                   0x08000649   Thumb Code    10  _sputc.o(.text)
    strtol                                   0x08000653   Thumb Code   112  strtol.o(.text)
    __aeabi_memclr                           0x080006c3   Thumb Code     0  rt_memclr.o(.text)
    __rt_memclr                              0x080006c3   Thumb Code     0  rt_memclr.o(.text)
    _memset                                  0x080006c7   Thumb Code    64  rt_memclr.o(.text)
    __user_libspace                          0x08000709   Thumb Code     8  libspace.o(.text)
    __user_perproc_libspace                  0x08000709   Thumb Code     0  libspace.o(.text)
    __user_perthread_libspace                0x08000709   Thumb Code     0  libspace.o(.text)
    __rt_ctype_table                         0x08000711   Thumb Code    16  rt_ctype_table.o(.text)
    _strtoul                                 0x08000721   Thumb Code   158  _strtoul.o(.text)
    __user_setup_stackheap                   0x080007bf   Thumb Code    74  sys_stackheap_outer.o(.text)
    __rt_locale                              0x08000809   Thumb Code     8  rt_locale_intlibspace.o(.text)
    _chval                                   0x08000811   Thumb Code    28  _chval.o(.text)
    exit                                     0x0800082d   Thumb Code    18  exit.o(.text)
    strcmp                                   0x08000841   Thumb Code   128  strcmpv7m.o(.text)
    _sys_exit                                0x080008c1   Thumb Code     8  sys_exit.o(.text)
    __I$use$semihosting                      0x080008cd   Thumb Code     0  use_no_semi.o(.text)
    __use_no_semihosting_swi                 0x080008cd   Thumb Code     2  use_no_semi.o(.text)
    __semihosting_library_function           0x080008cf   Thumb Code     0  indicate_semi.o(.text)
    ADC_ConversionStop_Disable               0x080008d1   Thumb Code    86  stm32f1xx_hal_adc.o(.text.ADC_ConversionStop_Disable)
    ADC_Enable                               0x08000929   Thumb Code   146  stm32f1xx_hal_adc.o(.text.ADC_Enable)
    ADC_Select_Channel                       0x080009bd   Thumb Code    40  stm32f1xx_it.o(.text.ADC_Select_Channel)
    ARGB_FillRGB                             0x080009e5   Thumb Code    60  argb.o(.text.ARGB_FillRGB)
    ARGB_Init                                0x08000a21   Thumb Code   192  argb.o(.text.ARGB_Init)
    ARGB_SetRGB                              0x08000ae1   Thumb Code   106  argb.o(.text.ARGB_SetRGB)
    ARGB_Show                                0x08000b4d   Thumb Code   526  argb.o(.text.ARGB_Show)
    BA63_ClearVFD                            0x08001061   Thumb Code    30  ba63.o(.text.BA63_ClearVFD)
    BA63_SendString                          0x08001081   Thumb Code    78  ba63.o(.text.BA63_SendString)
    BA63_SetCP                               0x080010d1   Thumb Code    44  ba63.o(.text.BA63_SetCP)
    BA63_SetPos                              0x080010fd   Thumb Code    88  ba63.o(.text.BA63_SetPos)
    BusFault_Handler                         0x08001155   Thumb Code     2  stm32f1xx_it.o(.text.BusFault_Handler)
    DMA1_Channel7_IRQHandler                 0x08001159   Thumb Code    16  stm32f1xx_it.o(.text.DMA1_Channel7_IRQHandler)
    DebugMon_Handler                         0x08001195   Thumb Code     2  stm32f1xx_it.o(.text.DebugMon_Handler)
    Error_Handler                            0x08001199   Thumb Code    10  main.o(.text.Error_Handler)
    HAL_ADC_ConfigChannel                    0x080011a5   Thumb Code   270  stm32f1xx_hal_adc.o(.text.HAL_ADC_ConfigChannel)
    HAL_ADC_GetValue                         0x080012b5   Thumb Code     6  stm32f1xx_hal_adc.o(.text.HAL_ADC_GetValue)
    HAL_ADC_Init                             0x080012bd   Thumb Code   280  stm32f1xx_hal_adc.o(.text.HAL_ADC_Init)
    HAL_ADC_MspInit                          0x080013d5   Thumb Code   102  stm32f1xx_hal_msp.o(.text.HAL_ADC_MspInit)
    HAL_ADC_PollForConversion                0x0800143d   Thumb Code   396  stm32f1xx_hal_adc.o(.text.HAL_ADC_PollForConversion)
    HAL_ADC_Start                            0x080015c9   Thumb Code   134  stm32f1xx_hal_adc.o(.text.HAL_ADC_Start)
    HAL_ADC_Stop                             0x08001651   Thumb Code    50  stm32f1xx_hal_adc.o(.text.HAL_ADC_Stop)
    HAL_DMA_Abort_IT                         0x08001685   Thumb Code   164  stm32f1xx_hal_dma.o(.text.HAL_DMA_Abort_IT)
    HAL_DMA_IRQHandler                       0x08001729   Thumb Code   378  stm32f1xx_hal_dma.o(.text.HAL_DMA_IRQHandler)
    HAL_DMA_Init                             0x080018a5   Thumb Code   118  stm32f1xx_hal_dma.o(.text.HAL_DMA_Init)
    HAL_DMA_Start_IT                         0x0800191d   Thumb Code   112  stm32f1xx_hal_dma.o(.text.HAL_DMA_Start_IT)
    HAL_Delay                                0x0800198d   Thumb Code    40  stm32f1xx_hal.o(.text.HAL_Delay)
    HAL_GPIO_Init                            0x080019b5   Thumb Code   506  stm32f1xx_hal_gpio.o(.text.HAL_GPIO_Init)
    HAL_GPIO_WritePin                        0x08001bb1   Thumb Code    10  stm32f1xx_hal_gpio.o(.text.HAL_GPIO_WritePin)
    HAL_GetTick                              0x08001bbd   Thumb Code    12  stm32f1xx_hal.o(.text.HAL_GetTick)
    HAL_IncTick                              0x08001bc9   Thumb Code    26  stm32f1xx_hal.o(.text.HAL_IncTick)
    HAL_Init                                 0x08001be5   Thumb Code    22  stm32f1xx_hal.o(.text.HAL_Init)
    HAL_InitTick                             0x08001bfd   Thumb Code    80  stm32f1xx_hal.o(.text.HAL_InitTick)
    HAL_MspInit                              0x08001c4d   Thumb Code    66  stm32f1xx_hal_msp.o(.text.HAL_MspInit)
    HAL_NVIC_EnableIRQ                       0x08001c91   Thumb Code     8  stm32f1xx_hal_cortex.o(.text.HAL_NVIC_EnableIRQ)
    HAL_NVIC_SetPriority                     0x08001c99   Thumb Code    30  stm32f1xx_hal_cortex.o(.text.HAL_NVIC_SetPriority)
    HAL_NVIC_SetPriorityGrouping             0x08001cb9   Thumb Code     8  stm32f1xx_hal_cortex.o(.text.HAL_NVIC_SetPriorityGrouping)
    HAL_RCCEx_GetPeriphCLKFreq               0x08001cc1   Thumb Code   124  stm32f1xx_hal_rcc_ex.o(.text.HAL_RCCEx_GetPeriphCLKFreq)
    HAL_RCCEx_PeriphCLKConfig                0x08001d3d   Thumb Code   250  stm32f1xx_hal_rcc_ex.o(.text.HAL_RCCEx_PeriphCLKConfig)
    HAL_RCC_ClockConfig                      0x08001e39   Thumb Code   248  stm32f1xx_hal_rcc.o(.text.HAL_RCC_ClockConfig)
    HAL_RCC_GetHCLKFreq                      0x08001f31   Thumb Code    12  stm32f1xx_hal_rcc.o(.text.HAL_RCC_GetHCLKFreq)
    HAL_RCC_GetPCLK1Freq                     0x08001f3d   Thumb Code    34  stm32f1xx_hal_rcc.o(.text.HAL_RCC_GetPCLK1Freq)
    HAL_RCC_GetPCLK2Freq                     0x08001f61   Thumb Code    34  stm32f1xx_hal_rcc.o(.text.HAL_RCC_GetPCLK2Freq)
    HAL_RCC_GetSysClockFreq                  0x08001f85   Thumb Code    76  stm32f1xx_hal_rcc.o(.text.HAL_RCC_GetSysClockFreq)
    HAL_RCC_OscConfig                        0x08001ff1   Thumb Code   780  stm32f1xx_hal_rcc.o(.text.HAL_RCC_OscConfig)
    HAL_SYSTICK_Config                       0x080022fd   Thumb Code     8  stm32f1xx_hal_cortex.o(.text.HAL_SYSTICK_Config)
    HAL_TIMEx_BreakCallback                  0x08002305   Thumb Code     2  stm32f1xx_hal_tim_ex.o(.text.HAL_TIMEx_BreakCallback)
    HAL_TIMEx_CommutCallback                 0x08002309   Thumb Code     2  stm32f1xx_hal_tim_ex.o(.text.HAL_TIMEx_CommutCallback)
    HAL_TIMEx_ConfigBreakDeadTime            0x0800230d   Thumb Code    76  stm32f1xx_hal_tim_ex.o(.text.HAL_TIMEx_ConfigBreakDeadTime)
    HAL_TIMEx_MasterConfigSynchronization    0x08002359   Thumb Code   138  stm32f1xx_hal_tim_ex.o(.text.HAL_TIMEx_MasterConfigSynchronization)
    HAL_TIM_Base_Init                        0x080023e5   Thumb Code    90  stm32f1xx_hal_tim.o(.text.HAL_TIM_Base_Init)
    HAL_TIM_Base_MspInit                     0x08002441   Thumb Code   600  stm32f1xx_hal_msp.o(.text.HAL_TIM_Base_MspInit)
    HAL_TIM_Base_Start                       0x08002699   Thumb Code   114  stm32f1xx_hal_tim.o(.text.HAL_TIM_Base_Start)
    HAL_TIM_Base_Start_IT                    0x0800270d   Thumb Code   122  stm32f1xx_hal_tim.o(.text.HAL_TIM_Base_Start_IT)
    HAL_TIM_Base_Stop                        0x08002789   Thumb Code    42  stm32f1xx_hal_tim.o(.text.HAL_TIM_Base_Stop)
    HAL_TIM_Base_Stop_IT                     0x080027b5   Thumb Code    50  stm32f1xx_hal_tim.o(.text.HAL_TIM_Base_Stop_IT)
    HAL_TIM_ConfigClockSource                0x080027e9   Thumb Code   208  stm32f1xx_hal_tim.o(.text.HAL_TIM_ConfigClockSource)
    HAL_TIM_ErrorCallback                    0x080028b9   Thumb Code     2  stm32f1xx_hal_tim.o(.text.HAL_TIM_ErrorCallback)
    HAL_TIM_IC_CaptureCallback               0x080028bd   Thumb Code     2  stm32f1xx_hal_tim.o(.text.HAL_TIM_IC_CaptureCallback)
    HAL_TIM_IRQHandler                       0x080028c1   Thumb Code   362  stm32f1xx_hal_tim.o(.text.HAL_TIM_IRQHandler)
    HAL_TIM_MspPostInit                      0x08002a2d   Thumb Code   284  stm32f1xx_hal_msp.o(.text.HAL_TIM_MspPostInit)
    HAL_TIM_OC_DelayElapsedCallback          0x08002b49   Thumb Code     2  stm32f1xx_hal_tim.o(.text.HAL_TIM_OC_DelayElapsedCallback)
    HAL_TIM_PWM_ConfigChannel                0x08002b4d   Thumb Code   150  stm32f1xx_hal_tim.o(.text.HAL_TIM_PWM_ConfigChannel)
    HAL_TIM_PWM_Init                         0x08002be5   Thumb Code    90  stm32f1xx_hal_tim.o(.text.HAL_TIM_PWM_Init)
    HAL_TIM_PWM_MspInit                      0x08002c41   Thumb Code    50  stm32f1xx_hal_msp.o(.text.HAL_TIM_PWM_MspInit)
    HAL_TIM_PWM_PulseFinishedCallback        0x08002c75   Thumb Code     2  stm32f1xx_hal_tim.o(.text.HAL_TIM_PWM_PulseFinishedCallback)
    HAL_TIM_PWM_Start                        0x08002c79   Thumb Code   216  stm32f1xx_hal_tim.o(.text.HAL_TIM_PWM_Start)
    HAL_TIM_PWM_Start_IT                     0x08002d51   Thumb Code   240  stm32f1xx_hal_tim.o(.text.HAL_TIM_PWM_Start_IT)
    HAL_TIM_PWM_Stop                         0x08002e51   Thumb Code   142  stm32f1xx_hal_tim.o(.text.HAL_TIM_PWM_Stop)
    HAL_TIM_PWM_Stop_IT                      0x08002ee1   Thumb Code   168  stm32f1xx_hal_tim.o(.text.HAL_TIM_PWM_Stop_IT)
    HAL_TIM_PeriodElapsedCallback            0x08002f99   Thumb Code     2  stm32f1xx_hal_tim.o(.text.HAL_TIM_PeriodElapsedCallback)
    HAL_TIM_SlaveConfigSynchro               0x08002f9d   Thumb Code    74  stm32f1xx_hal_tim.o(.text.HAL_TIM_SlaveConfigSynchro)
    HAL_TIM_TriggerCallback                  0x08002fe9   Thumb Code     2  stm32f1xx_hal_tim.o(.text.HAL_TIM_TriggerCallback)
    HAL_UART_Init                            0x08002fed   Thumb Code    94  stm32f1xx_hal_uart.o(.text.HAL_UART_Init)
    HAL_UART_MspInit                         0x0800304d   Thumb Code   126  stm32f1xx_hal_msp.o(.text.HAL_UART_MspInit)
    HAL_UART_Transmit                        0x080030cd   Thumb Code   204  stm32f1xx_hal_uart.o(.text.HAL_UART_Transmit)
    HD44780_ClearLCD                         0x08003199   Thumb Code    48  hd44780_driver.o(.text.HD44780_ClearLCD)
    HD44780_Command                          0x080031c9   Thumb Code   294  hd44780_driver.o(.text.HD44780_Command)
    HD44780_Data                             0x080032f1   Thumb Code   294  hd44780_driver.o(.text.HD44780_Data)
    HD44780_SendString                       0x08003419   Thumb Code    34  hd44780_driver.o(.text.HD44780_SendString)
    HD44780_SetPos                           0x0800343d   Thumb Code    42  hd44780_driver.o(.text.HD44780_SetPos)
    HardFault_Handler                        0x08003469   Thumb Code     2  stm32f1xx_it.o(.text.HardFault_Handler)
    LL_GPIO_Init                             0x08003489   Thumb Code   134  stm32f1xx_ll_gpio.o(.text.LL_GPIO_Init)
    MemManage_Handler                        0x08003bb5   Thumb Code     2  stm32f1xx_it.o(.text.MemManage_Handler)
    NMI_Handler                              0x08003bb9   Thumb Code     2  stm32f1xx_it.o(.text.NMI_Handler)
    PendSV_Handler                           0x08003be9   Thumb Code     2  stm32f1xx_it.o(.text.PendSV_Handler)
    SVC_Handler                              0x08003c19   Thumb Code     2  stm32f1xx_it.o(.text.SVC_Handler)
    SysTick_Handler                          0x08003c4d   Thumb Code     8  stm32f1xx_it.o(.text.SysTick_Handler)
    SystemClock_Config                       0x08003c55   Thumb Code   112  main.o(.text.SystemClock_Config)
    SystemInit                               0x08003cc5   Thumb Code     2  system_stm32f1xx.o(.text.SystemInit)
    TIM16_usDelay_Init                       0x08003cc9   Thumb Code     2  timers.o(.text.TIM16_usDelay_Init)
    TIM1_TRG_COM_TIM17_IRQHandler            0x08003ccd   Thumb Code   224  stm32f1xx_it.o(.text.TIM1_TRG_COM_TIM17_IRQHandler)
    TIM1_UP_TIM16_IRQHandler                 0x08003db5   Thumb Code   282  stm32f1xx_it.o(.text.TIM1_UP_TIM16_IRQHandler)
    TIM4_IRQHandler                          0x08003ed1   Thumb Code    36  stm32f1xx_it.o(.text.TIM4_IRQHandler)
    TIM6_DAC_IRQHandler                      0x08003ef5   Thumb Code   220  stm32f1xx_it.o(.text.TIM6_DAC_IRQHandler)
    TIM7_IRQHandler                          0x08003fd1   Thumb Code  1514  stm32f1xx_it.o(.text.TIM7_IRQHandler)
    TIM_Base_SetConfig                       0x080045bd   Thumb Code   228  stm32f1xx_hal_tim.o(.text.TIM_Base_SetConfig)
    TIM_CCxChannelCmd                        0x080046a1   Thumb Code    36  stm32f1xx_hal_tim.o(.text.TIM_CCxChannelCmd)
    TIM_DMAError                             0x080046c5   Thumb Code    92  stm32f1xx_hal_tim.o(.text.TIM_DMAError)
    TIM_ETR_SetConfig                        0x08004721   Thumb Code    22  stm32f1xx_hal_tim.o(.text.TIM_ETR_SetConfig)
    TIM_OC2_SetConfig                        0x080047c1   Thumb Code   126  stm32f1xx_hal_tim.o(.text.TIM_OC2_SetConfig)
    UsageFault_Handler                       0x08004b25   Thumb Code     2  stm32f1xx_it.o(.text.UsageFault_Handler)
    config_speed                             0x08004b9d   Thumb Code    52  main.o(.text.config_speed)
    delay_ms2                                0x08004be1   Thumb Code    28  stm32f1xx_it.o(.text.delay_ms2)
    delay_us                                 0x08004bfd   Thumb Code    84  timers.o(.text.delay_us)
    disp_render                              0x08004c51   Thumb Code    58  stm32f1xx_it.o(.text.disp_render)
    main                                     0x08004c8d   Thumb Code   538  main.o(.text.main)
    nema_start                               0x08004ea9   Thumb Code    18  main.o(.text.nema_start)
    nema_start_part                          0x08004ebd   Thumb Code    36  main.o(.text.nema_start_part)
    read_callback_sensor                     0x08004ee1   Thumb Code    96  stm32f1xx_it.o(.text.read_callback_sensor)
    scan_keyb                                0x08004f51   Thumb Code  1380  stm32f1xx_it.o(.text.scan_keyb)
    _is_digit                                0x080054b5   Thumb Code    14  __printf_wp.o(i._is_digit)
    _get_lc_ctype                            0x080054c5   Thumb Code    44  lc_ctype_c.o(locale$$code)
    __aeabi_d2iz                             0x080054f1   Thumb Code     0  dfix.o(x$fpl$dfix)
    _dfix                                    0x080054f1   Thumb Code    94  dfix.o(x$fpl$dfix)
    __aeabi_ui2d                             0x0800554f   Thumb Code     0  dflt_clz.o(x$fpl$dfltu)
    _dfltu                                   0x0800554f   Thumb Code    38  dflt_clz.o(x$fpl$dfltu)
    __aeabi_dmul                             0x08005575   Thumb Code     0  dmul.o(x$fpl$dmul)
    _dmul                                    0x08005575   Thumb Code   332  dmul.o(x$fpl$dmul)
    __fpl_dnaninf                            0x080056c9   Thumb Code   156  dnaninf.o(x$fpl$dnaninf)
    __fpl_dretinf                            0x08005765   Thumb Code    12  dretinf.o(x$fpl$dretinf)
    __I$use$fp                               0x08005770   Number         0  usenofp.o(x$fpl$usenofp)
    AHBPrescTable                            0x08005781   Data          16  system_stm32f1xx.o(.rodata.AHBPrescTable)
    APBPrescTable                            0x08005791   Data           8  system_stm32f1xx.o(.rodata.APBPrescTable)
    Region$$Table$$Base                      0x08005808   Number         0  anon$$obj.o(Region$$Table)
    Region$$Table$$Limit                     0x08005828   Number         0  anon$$obj.o(Region$$Table)
    __ctype                                  0x08005835   Data           0  lc_ctype_c.o(locale$$data)
    ARGB_BR                                  0x20000000   Data           1  argb.o(.data.ARGB_BR)
    SystemCoreClock                          0x20000004   Data           4  system_stm32f1xx.o(.data.SystemCoreClock)
    charSet866                               0x20000008   Data         256  ba63.o(.data.charSet866)
    clearCmd                                 0x20000108   Data           4  ba63.o(.data.clearCmd)
    cpcode                                   0x2000010c   Data           3  ba63.o(.data.cpcode)
    govno                                    0x2000010f   Data           1  stm32f1xx_it.o(.data.govno)
    ru_debug_adc                             0x20000110   Data           5  locale_ru.o(.data.ru_debug_adc)
    ru_debug_input                           0x20000115   Data           6  locale_ru.o(.data.ru_debug_input)
    ru_debug_ver                             0x2000011b   Data          10  locale_ru.o(.data.ru_debug_ver)
    ru_finish                                0x20000125   Data          21  locale_ru.o(.data.ru_finish)
    ru_frames_template                       0x2000013a   Data          21  locale_ru.o(.data.ru_frames_template)
    ru_paused                                0x2000014f   Data          21  locale_ru.o(.data.ru_paused)
    ru_ready                                 0x20000164   Data          21  locale_ru.o(.data.ru_ready)
    ru_rgb_template                          0x20000179   Data          21  locale_ru.o(.data.ru_rgb_template)
    ru_user_irq_first                        0x2000018e   Data          21  locale_ru.o(.data.ru_user_irq_first)
    ru_user_irq_second                       0x200001a3   Data          21  locale_ru.o(.data.ru_user_irq_second)
    setCurPos                                0x200001b8   Data           6  ba63.o(.data.setCurPos)
    shotLock                                 0x200001be   Data           1  stm32f1xx_it.o(.data.shotLock)
    timDelayMs                               0x200001c0   Data           2  main.o(.data.timDelayMs)
    uwTickFreq                               0x200001c2   Data           1  stm32f1xx_hal.o(.data.uwTickFreq)
    uwTickPrio                               0x200001c4   Data           4  stm32f1xx_hal.o(.data.uwTickPrio)
    __libspace_start                         0x200001c8   Data          96  libspace.o(.bss)
    ARGB_LOC_ST                              0x20000228   Data           1  argb.o(.bss.ARGB_LOC_ST)
    __temporary_stack_top$libspace           0x20000228   Data           0  libspace.o(.bss)
    BUF_COUNTER                              0x2000022a   Data           2  argb.o(.bss.BUF_COUNTER)
    PWM_BUF                                  0x2000022c   Data         192  argb.o(.bss.PWM_BUF)
    PWM_HI                                   0x200002ec   Data           1  argb.o(.bss.PWM_HI)
    PWM_LO                                   0x200002ed   Data           1  argb.o(.bss.PWM_LO)
    RGB                                      0x200002ee   Data           6  stm32f1xx_it.o(.bss.RGB)
    RGB_BUF                                  0x200002f4   Data          96  argb.o(.bss.RGB_BUF)
    RGBpointer                               0x20000354   Data           1  stm32f1xx_it.o(.bss.RGBpointer)
    VBuf                                     0x2000035c   Data          85  stm32f1xx_it.o(.bss.VBuf)
    adc_cnt                                  0x200003b1   Data           5  stm32f1xx_it.o(.bss.adc_cnt)
    callback_adc                             0x200003ba   Data           3  stm32f1xx_it.o(.bss.callback_adc)
    callback_analog                          0x200003be   Data           2  stm32f1xx_it.o(.bss.callback_analog)
    cam_busy                                 0x200003c0   Data           1  stm32f1xx_it.o(.bss.cam_busy)
    colorSet                                 0x200003c1   Data           1  stm32f1xx_it.o(.bss.colorSet)
    debud_value                              0x200003c2   Data           2  timers.o(.bss.debud_value)
    debugMode                                0x200003c4   Data           1  main.o(.bss.debugMode)
    delayPointer                             0x200003c5   Data           1  stm32f1xx_it.o(.bss.delayPointer)
    first_run                                0x200003c6   Data           1  stm32f1xx_it.o(.bss.first_run)
    framCnt                                  0x200003c8   Data           2  stm32f1xx_it.o(.bss.framCnt)
    frame_cnt                                0x200003ca   Data          21  stm32f1xx_it.o(.bss.frame_cnt)
    govno2                                   0x200003df   Data           1  stm32f1xx_it.o(.bss.govno2)
    govno3                                   0x200003e0   Data           2  stm32f1xx_it.o(.bss.govno3)
    hadc1                                    0x200003e8   Data          48  main.o(.bss.hadc1)
    hdma_tim2_ch2_ch4                        0x20000418   Data          68  main.o(.bss.hdma_tim2_ch2_ch4)
    htim1                                    0x2000045c   Data          72  main.o(.bss.htim1)
    htim15                                   0x200004a4   Data          72  main.o(.bss.htim15)
    htim16                                   0x200004ec   Data          72  main.o(.bss.htim16)
    htim17                                   0x20000534   Data          72  main.o(.bss.htim17)
    htim2                                    0x2000057c   Data          72  main.o(.bss.htim2)
    htim3                                    0x200005c4   Data          72  main.o(.bss.htim3)
    htim4                                    0x2000060c   Data          72  main.o(.bss.htim4)
    htim6                                    0x20000654   Data          72  main.o(.bss.htim6)
    htim7                                    0x2000069c   Data          72  main.o(.bss.htim7)
    huart1                                   0x200006e4   Data          68  main.o(.bss.huart1)
    inputPointer                             0x20000728   Data           1  stm32f1xx_it.o(.bss.inputPointer)
    pausePending                             0x20000729   Data           1  stm32f1xx_it.o(.bss.pausePending)
    run                                      0x2000072e   Data           1  stm32f1xx_it.o(.bss.run)
    speed                                    0x20000730   Data           2  stm32f1xx_it.o(.bss.speed)
    stop                                     0x20000732   Data           1  stm32f1xx_it.o(.bss.stop)
    timPointer                               0x20000733   Data           1  stm32f1xx_it.o(.bss.timPointer)
    tmp_rgb_template                         0x20000734   Data          21  stm32f1xx_it.o(.bss.tmp_rgb_template)
    ttm                                      0x20000749   Data           1  stm32f1xx_it.o(.bss.ttm)
    userInputString                          0x2000074c   Data           4  stm32f1xx_it.o(.bss.userInputString)
    uwTick                                   0x20000750   Data           4  stm32f1xx_hal.o(.bss.uwTick)
    writeLock                                0x20000754   Data           1  stm32f1xx_it.o(.bss.writeLock)



==============================================================================

Memory Map of the image

  Image Entry point : 0x08000121

  Load Region LR_IROM1 (Base: 0x08000000, Size: 0x00005b00, Max: 0x00020000, ABSOLUTE)

    Execution Region ER_IROM1 (Exec base: 0x08000000, Load base: 0x08000000, Size: 0x00005938, Max: 0x00020000, ABSOLUTE)

    Exec Addr    Load Addr    Size         Type   Attr      Idx    E Section Name        Object

    0x08000000   0x08000000   0x00000120   Data   RO            3    RESET               startup_stm32f100xb.o
    0x08000120   0x08000120   0x00000008   Code   RO         1509  * !!!main             c_w.l(__main.o)
    0x08000128   0x08000128   0x00000034   Code   RO         1755    !!!scatter          c_w.l(__scatter.o)
    0x0800015c   0x0800015c   0x0000001a   Code   RO         1757    !!handler_copy      c_w.l(__scatter_copy.o)
    0x08000176   0x08000176   0x00000002   PAD
    0x08000178   0x08000178   0x0000001c   Code   RO         1759    !!handler_zi        c_w.l(__scatter_zi.o)
    0x08000194   0x08000194   0x00000000   Code   RO         1496    .ARM.Collect$$_printf_percent$$00000000  c_w.l(_printf_percent.o)
    0x08000194   0x08000194   0x00000006   Code   RO         1495    .ARM.Collect$$_printf_percent$$00000009  c_w.l(_printf_d.o)
    0x0800019a   0x0800019a   0x00000004   Code   RO         1563    .ARM.Collect$$_printf_percent$$00000017  c_w.l(_printf_percent_end.o)
    0x0800019e   0x0800019e   0x00000002   Code   RO         1620    .ARM.Collect$$libinit$$00000000  c_w.l(libinit.o)
    0x080001a0   0x080001a0   0x00000000   Code   RO         1626    .ARM.Collect$$libinit$$00000002  c_w.l(libinit2.o)
    0x080001a0   0x080001a0   0x00000000   Code   RO         1628    .ARM.Collect$$libinit$$00000004  c_w.l(libinit2.o)
    0x080001a0   0x080001a0   0x00000000   Code   RO         1631    .ARM.Collect$$libinit$$0000000A  c_w.l(libinit2.o)
    0x080001a0   0x080001a0   0x00000000   Code   RO         1633    .ARM.Collect$$libinit$$0000000C  c_w.l(libinit2.o)
    0x080001a0   0x080001a0   0x00000000   Code   RO         1635    .ARM.Collect$$libinit$$0000000E  c_w.l(libinit2.o)
    0x080001a0   0x080001a0   0x00000006   Code   RO         1636    .ARM.Collect$$libinit$$0000000F  c_w.l(libinit2.o)
    0x080001a6   0x080001a6   0x00000000   Code   RO         1638    .ARM.Collect$$libinit$$00000011  c_w.l(libinit2.o)
    0x080001a6   0x080001a6   0x0000000c   Code   RO         1639    .ARM.Collect$$libinit$$00000012  c_w.l(libinit2.o)
    0x080001b2   0x080001b2   0x00000000   Code   RO         1640    .ARM.Collect$$libinit$$00000013  c_w.l(libinit2.o)
    0x080001b2   0x080001b2   0x00000000   Code   RO         1642    .ARM.Collect$$libinit$$00000015  c_w.l(libinit2.o)
    0x080001b2   0x080001b2   0x00000000   Code   RO         1644    .ARM.Collect$$libinit$$00000017  c_w.l(libinit2.o)
    0x080001b2   0x080001b2   0x00000000   Code   RO         1646    .ARM.Collect$$libinit$$00000019  c_w.l(libinit2.o)
    0x080001b2   0x080001b2   0x00000000   Code   RO         1648    .ARM.Collect$$libinit$$0000001B  c_w.l(libinit2.o)
    0x080001b2   0x080001b2   0x00000000   Code   RO         1650    .ARM.Collect$$libinit$$0000001D  c_w.l(libinit2.o)
    0x080001b2   0x080001b2   0x00000000   Code   RO         1652    .ARM.Collect$$libinit$$0000001F  c_w.l(libinit2.o)
    0x080001b2   0x080001b2   0x00000000   Code   RO         1654    .ARM.Collect$$libinit$$00000021  c_w.l(libinit2.o)
    0x080001b2   0x080001b2   0x00000000   Code   RO         1656    .ARM.Collect$$libinit$$00000023  c_w.l(libinit2.o)
    0x080001b2   0x080001b2   0x00000000   Code   RO         1658    .ARM.Collect$$libinit$$00000025  c_w.l(libinit2.o)
    0x080001b2   0x080001b2   0x00000000   Code   RO         1662    .ARM.Collect$$libinit$$0000002C  c_w.l(libinit2.o)
    0x080001b2   0x080001b2   0x00000000   Code   RO         1664    .ARM.Collect$$libinit$$0000002E  c_w.l(libinit2.o)
    0x080001b2   0x080001b2   0x00000000   Code   RO         1666    .ARM.Collect$$libinit$$00000030  c_w.l(libinit2.o)
    0x080001b2   0x080001b2   0x00000000   Code   RO         1668    .ARM.Collect$$libinit$$00000032  c_w.l(libinit2.o)
    0x080001b2   0x080001b2   0x00000002   Code   RO         1669    .ARM.Collect$$libinit$$00000033  c_w.l(libinit2.o)
    0x080001b4   0x080001b4   0x00000002   Code   RO         1691    .ARM.Collect$$libshutdown$$00000000  c_w.l(libshutdown.o)
    0x080001b6   0x080001b6   0x00000000   Code   RO         1706    .ARM.Collect$$libshutdown$$00000002  c_w.l(libshutdown2.o)
    0x080001b6   0x080001b6   0x00000000   Code   RO         1708    .ARM.Collect$$libshutdown$$00000004  c_w.l(libshutdown2.o)
    0x080001b6   0x080001b6   0x00000000   Code   RO         1711    .ARM.Collect$$libshutdown$$00000007  c_w.l(libshutdown2.o)
    0x080001b6   0x080001b6   0x00000000   Code   RO         1714    .ARM.Collect$$libshutdown$$0000000A  c_w.l(libshutdown2.o)
    0x080001b6   0x080001b6   0x00000000   Code   RO         1716    .ARM.Collect$$libshutdown$$0000000C  c_w.l(libshutdown2.o)
    0x080001b6   0x080001b6   0x00000000   Code   RO         1719    .ARM.Collect$$libshutdown$$0000000F  c_w.l(libshutdown2.o)
    0x080001b6   0x080001b6   0x00000002   Code   RO         1720    .ARM.Collect$$libshutdown$$00000010  c_w.l(libshutdown2.o)
    0x080001b8   0x080001b8   0x00000000   Code   RO         1551    .ARM.Collect$$rtentry$$00000000  c_w.l(__rtentry.o)
    0x080001b8   0x080001b8   0x00000000   Code   RO         1581    .ARM.Collect$$rtentry$$00000002  c_w.l(__rtentry2.o)
    0x080001b8   0x080001b8   0x00000006   Code   RO         1593    .ARM.Collect$$rtentry$$00000004  c_w.l(__rtentry4.o)
    0x080001be   0x080001be   0x00000000   Code   RO         1583    .ARM.Collect$$rtentry$$00000009  c_w.l(__rtentry2.o)
    0x080001be   0x080001be   0x00000004   Code   RO         1584    .ARM.Collect$$rtentry$$0000000A  c_w.l(__rtentry2.o)
    0x080001c2   0x080001c2   0x00000000   Code   RO         1586    .ARM.Collect$$rtentry$$0000000C  c_w.l(__rtentry2.o)
    0x080001c2   0x080001c2   0x00000008   Code   RO         1587    .ARM.Collect$$rtentry$$0000000D  c_w.l(__rtentry2.o)
    0x080001ca   0x080001ca   0x00000002   Code   RO         1621    .ARM.Collect$$rtexit$$00000000  c_w.l(rtexit.o)
    0x080001cc   0x080001cc   0x00000000   Code   RO         1671    .ARM.Collect$$rtexit$$00000002  c_w.l(rtexit2.o)
    0x080001cc   0x080001cc   0x00000004   Code   RO         1672    .ARM.Collect$$rtexit$$00000003  c_w.l(rtexit2.o)
    0x080001d0   0x080001d0   0x00000006   Code   RO         1673    .ARM.Collect$$rtexit$$00000004  c_w.l(rtexit2.o)
    0x080001d6   0x080001d6   0x00000002   PAD
    0x080001d8   0x080001d8   0x00000040   Code   RO            4    .text               startup_stm32f100xb.o
    0x08000218   0x08000218   0x00000028   Code   RO         1467    .text               c_w.l(noretval__2sprintf.o)
    0x08000240   0x08000240   0x0000004e   Code   RO         1471    .text               c_w.l(_printf_pad.o)
    0x0800028e   0x0800028e   0x00000002   PAD
    0x08000290   0x08000290   0x00000078   Code   RO         1473    .text               c_w.l(_printf_dec.o)
    0x08000308   0x08000308   0x00000138   Code   RO         1487    .text               c_w.l(__printf_flags_wp.o)
    0x08000440   0x08000440   0x0000001a   Code   RO         1497    .text               c_w.l(atoi.o)
    0x0800045a   0x0800045a   0x00000048   Code   RO         1499    .text               c_w.l(strcpy.o)
    0x080004a2   0x080004a2   0x00000010   Code   RO         1501    .text               c_w.l(aeabi_memset.o)
    0x080004b2   0x080004b2   0x0000004e   Code   RO         1503    .text               c_w.l(rt_memclr_w.o)
    0x08000500   0x08000500   0x00000056   Code   RO         1505    .text               c_w.l(strncpy.o)
    0x08000556   0x08000556   0x00000006   Code   RO         1507    .text               c_w.l(heapauxi.o)
    0x0800055c   0x0800055c   0x00000008   Code   RO         1555    .text               c_w.l(rt_errno_addr_intlibspace.o)
    0x08000564   0x08000564   0x000000b2   Code   RO         1557    .text               c_w.l(_printf_intcommon.o)
    0x08000616   0x08000616   0x00000002   PAD
    0x08000618   0x08000618   0x00000030   Code   RO         1559    .text               c_w.l(_printf_char_common.o)
    0x08000648   0x08000648   0x0000000a   Code   RO         1561    .text               c_w.l(_sputc.o)
    0x08000652   0x08000652   0x00000070   Code   RO         1564    .text               c_w.l(strtol.o)
    0x080006c2   0x080006c2   0x00000044   Code   RO         1566    .text               c_w.l(rt_memclr.o)
    0x08000706   0x08000706   0x00000002   PAD
    0x08000708   0x08000708   0x00000008   Code   RO         1577    .text               c_w.l(libspace.o)
    0x08000710   0x08000710   0x00000010   Code   RO         1595    .text               c_w.l(rt_ctype_table.o)
    0x08000720   0x08000720   0x0000009e   Code   RO         1599    .text               c_w.l(_strtoul.o)
    0x080007be   0x080007be   0x0000004a   Code   RO         1601    .text               c_w.l(sys_stackheap_outer.o)
    0x08000808   0x08000808   0x00000008   Code   RO         1606    .text               c_w.l(rt_locale_intlibspace.o)
    0x08000810   0x08000810   0x0000001c   Code   RO         1608    .text               c_w.l(_chval.o)
    0x0800082c   0x0800082c   0x00000012   Code   RO         1613    .text               c_w.l(exit.o)
    0x0800083e   0x0800083e   0x00000002   PAD
    0x08000840   0x08000840   0x00000080   Code   RO         1623    .text               c_w.l(strcmpv7m.o)
    0x080008c0   0x080008c0   0x0000000c   Code   RO         1681    .text               c_w.l(sys_exit.o)
    0x080008cc   0x080008cc   0x00000002   Code   RO         1696    .text               c_w.l(use_no_semi.o)
    0x080008ce   0x080008ce   0x00000000   Code   RO         1698    .text               c_w.l(indicate_semi.o)
    0x080008ce   0x080008ce   0x00000002   PAD
    0x080008d0   0x080008d0   0x00000056   Code   RO          375    .text.ADC_ConversionStop_Disable  stm32f1xx_hal_adc.o
    0x08000926   0x08000926   0x00000002   PAD
    0x08000928   0x08000928   0x00000092   Code   RO          383    .text.ADC_Enable    stm32f1xx_hal_adc.o
    0x080009ba   0x080009ba   0x00000002   PAD
    0x080009bc   0x080009bc   0x00000028   Code   RO          218    .text.ADC_Select_Channel  stm32f1xx_it.o
    0x080009e4   0x080009e4   0x0000003c   Code   RO           55    .text.ARGB_FillRGB  argb.o
    0x08000a20   0x08000a20   0x000000c0   Code   RO           51    .text.ARGB_Init     argb.o
    0x08000ae0   0x08000ae0   0x0000006a   Code   RO           59    .text.ARGB_SetRGB   argb.o
    0x08000b4a   0x08000b4a   0x00000002   PAD
    0x08000b4c   0x08000b4c   0x0000020e   Code   RO           75    .text.ARGB_Show     argb.o
    0x08000d5a   0x08000d5a   0x00000002   PAD
    0x08000d5c   0x08000d5c   0x000001fe   Code   RO           77    .text.ARGB_TIM_DMADelayPulseCplt  argb.o
    0x08000f5a   0x08000f5a   0x00000002   PAD
    0x08000f5c   0x08000f5c   0x00000104   Code   RO           79    .text.ARGB_TIM_DMADelayPulseHalfCplt  argb.o
    0x08001060   0x08001060   0x0000001e   Code   RO          117    .text.BA63_ClearVFD  ba63.o
    0x0800107e   0x0800107e   0x00000002   PAD
    0x08001080   0x08001080   0x0000004e   Code   RO          121    .text.BA63_SendString  ba63.o
    0x080010ce   0x080010ce   0x00000002   PAD
    0x080010d0   0x080010d0   0x0000002c   Code   RO          115    .text.BA63_SetCP    ba63.o
    0x080010fc   0x080010fc   0x00000058   Code   RO          119    .text.BA63_SetPos   ba63.o
    0x08001154   0x08001154   0x00000002   Code   RO          236    .text.BusFault_Handler  stm32f1xx_it.o
    0x08001156   0x08001156   0x00000002   PAD
    0x08001158   0x08001158   0x00000010   Code   RO          248    .text.DMA1_Channel7_IRQHandler  stm32f1xx_it.o
    0x08001168   0x08001168   0x0000002c   Code   RO          602    .text.DMA_SetConfig  stm32f1xx_hal_dma.o
    0x08001194   0x08001194   0x00000002   Code   RO          242    .text.DebugMon_Handler  stm32f1xx_it.o
    0x08001196   0x08001196   0x00000002   PAD
    0x08001198   0x08001198   0x0000000a   Code   RO          149    .text.Error_Handler  main.o
    0x080011a2   0x080011a2   0x00000002   PAD
    0x080011a4   0x080011a4   0x0000010e   Code   RO          417    .text.HAL_ADC_ConfigChannel  stm32f1xx_hal_adc.o
    0x080012b2   0x080012b2   0x00000002   PAD
    0x080012b4   0x080012b4   0x00000006   Code   RO          405    .text.HAL_ADC_GetValue  stm32f1xx_hal_adc.o
    0x080012ba   0x080012ba   0x00000002   PAD
    0x080012bc   0x080012bc   0x00000118   Code   RO          371    .text.HAL_ADC_Init  stm32f1xx_hal_adc.o
    0x080013d4   0x080013d4   0x00000066   Code   RO          305    .text.HAL_ADC_MspInit  stm32f1xx_hal_msp.o
    0x0800143a   0x0800143a   0x00000002   PAD
    0x0800143c   0x0800143c   0x0000018c   Code   RO          387    .text.HAL_ADC_PollForConversion  stm32f1xx_hal_adc.o
    0x080015c8   0x080015c8   0x00000086   Code   RO          381    .text.HAL_ADC_Start  stm32f1xx_hal_adc.o
    0x0800164e   0x0800164e   0x00000002   PAD
    0x08001650   0x08001650   0x00000032   Code   RO          385    .text.HAL_ADC_Stop  stm32f1xx_hal_adc.o
    0x08001682   0x08001682   0x00000002   PAD
    0x08001684   0x08001684   0x000000a4   Code   RO          608    .text.HAL_DMA_Abort_IT  stm32f1xx_hal_dma.o
    0x08001728   0x08001728   0x0000017a   Code   RO          612    .text.HAL_DMA_IRQHandler  stm32f1xx_hal_dma.o
    0x080018a2   0x080018a2   0x00000002   PAD
    0x080018a4   0x080018a4   0x00000076   Code   RO          596    .text.HAL_DMA_Init  stm32f1xx_hal_dma.o
    0x0800191a   0x0800191a   0x00000002   PAD
    0x0800191c   0x0800191c   0x00000070   Code   RO          604    .text.HAL_DMA_Start_IT  stm32f1xx_hal_dma.o
    0x0800198c   0x0800198c   0x00000028   Code   RO          479    .text.HAL_Delay     stm32f1xx_hal.o
    0x080019b4   0x080019b4   0x000001fa   Code   RO          572    .text.HAL_GPIO_Init  stm32f1xx_hal_gpio.o
    0x08001bae   0x08001bae   0x00000002   PAD
    0x08001bb0   0x08001bb0   0x0000000a   Code   RO          578    .text.HAL_GPIO_WritePin  stm32f1xx_hal_gpio.o
    0x08001bba   0x08001bba   0x00000002   PAD
    0x08001bbc   0x08001bbc   0x0000000c   Code   RO          471    .text.HAL_GetTick   stm32f1xx_hal.o
    0x08001bc8   0x08001bc8   0x0000001a   Code   RO          469    .text.HAL_IncTick   stm32f1xx_hal.o
    0x08001be2   0x08001be2   0x00000002   PAD
    0x08001be4   0x08001be4   0x00000016   Code   RO          459    .text.HAL_Init      stm32f1xx_hal.o
    0x08001bfa   0x08001bfa   0x00000002   PAD
    0x08001bfc   0x08001bfc   0x00000050   Code   RO          461    .text.HAL_InitTick  stm32f1xx_hal.o
    0x08001c4c   0x08001c4c   0x00000042   Code   RO          303    .text.HAL_MspInit   stm32f1xx_hal_msp.o
    0x08001c8e   0x08001c8e   0x00000002   PAD
    0x08001c90   0x08001c90   0x00000008   Code   RO          642    .text.HAL_NVIC_EnableIRQ  stm32f1xx_hal_cortex.o
    0x08001c98   0x08001c98   0x0000001e   Code   RO          634    .text.HAL_NVIC_SetPriority  stm32f1xx_hal_cortex.o
    0x08001cb6   0x08001cb6   0x00000002   PAD
    0x08001cb8   0x08001cb8   0x00000008   Code   RO          630    .text.HAL_NVIC_SetPriorityGrouping  stm32f1xx_hal_cortex.o
    0x08001cc0   0x08001cc0   0x0000007c   Code   RO          562    .text.HAL_RCCEx_GetPeriphCLKFreq  stm32f1xx_hal_rcc_ex.o
    0x08001d3c   0x08001d3c   0x000000fa   Code   RO          558    .text.HAL_RCCEx_PeriphCLKConfig  stm32f1xx_hal_rcc_ex.o
    0x08001e36   0x08001e36   0x00000002   PAD
    0x08001e38   0x08001e38   0x000000f8   Code   RO          526    .text.HAL_RCC_ClockConfig  stm32f1xx_hal_rcc.o
    0x08001f30   0x08001f30   0x0000000c   Code   RO          536    .text.HAL_RCC_GetHCLKFreq  stm32f1xx_hal_rcc.o
    0x08001f3c   0x08001f3c   0x00000022   Code   RO          538    .text.HAL_RCC_GetPCLK1Freq  stm32f1xx_hal_rcc.o
    0x08001f5e   0x08001f5e   0x00000002   PAD
    0x08001f60   0x08001f60   0x00000022   Code   RO          540    .text.HAL_RCC_GetPCLK2Freq  stm32f1xx_hal_rcc.o
    0x08001f82   0x08001f82   0x00000002   PAD
    0x08001f84   0x08001f84   0x0000006c   Code   RO          528    .text.HAL_RCC_GetSysClockFreq  stm32f1xx_hal_rcc.o
    0x08001ff0   0x08001ff0   0x0000030c   Code   RO          522    .text.HAL_RCC_OscConfig  stm32f1xx_hal_rcc.o
    0x080022fc   0x080022fc   0x00000008   Code   RO          654    .text.HAL_SYSTICK_Config  stm32f1xx_hal_cortex.o
    0x08002304   0x08002304   0x00000002   Code   RO         1305    .text.HAL_TIMEx_BreakCallback  stm32f1xx_hal_tim_ex.o
    0x08002306   0x08002306   0x00000002   PAD
    0x08002308   0x08002308   0x00000002   Code   RO         1301    .text.HAL_TIMEx_CommutCallback  stm32f1xx_hal_tim_ex.o
    0x0800230a   0x0800230a   0x00000002   PAD
    0x0800230c   0x0800230c   0x0000004c   Code   RO         1297    .text.HAL_TIMEx_ConfigBreakDeadTime  stm32f1xx_hal_tim_ex.o
    0x08002358   0x08002358   0x0000008a   Code   RO         1295    .text.HAL_TIMEx_MasterConfigSynchronization  stm32f1xx_hal_tim_ex.o
    0x080023e2   0x080023e2   0x00000002   PAD
    0x080023e4   0x080023e4   0x0000005a   Code   RO          981    .text.HAL_TIM_Base_Init  stm32f1xx_hal_tim.o
    0x0800243e   0x0800243e   0x00000002   PAD
    0x08002440   0x08002440   0x00000258   Code   RO          309    .text.HAL_TIM_Base_MspInit  stm32f1xx_hal_msp.o
    0x08002698   0x08002698   0x00000072   Code   RO          991    .text.HAL_TIM_Base_Start  stm32f1xx_hal_tim.o
    0x0800270a   0x0800270a   0x00000002   PAD
    0x0800270c   0x0800270c   0x0000007a   Code   RO          995    .text.HAL_TIM_Base_Start_IT  stm32f1xx_hal_tim.o
    0x08002786   0x08002786   0x00000002   PAD
    0x08002788   0x08002788   0x0000002a   Code   RO          993    .text.HAL_TIM_Base_Stop  stm32f1xx_hal_tim.o
    0x080027b2   0x080027b2   0x00000002   PAD
    0x080027b4   0x080027b4   0x00000032   Code   RO          997    .text.HAL_TIM_Base_Stop_IT  stm32f1xx_hal_tim.o
    0x080027e6   0x080027e6   0x00000002   PAD
    0x080027e8   0x080027e8   0x000000d0   Code   RO         1173    .text.HAL_TIM_ConfigClockSource  stm32f1xx_hal_tim.o
    0x080028b8   0x080028b8   0x00000002   Code   RO         1199    .text.HAL_TIM_ErrorCallback  stm32f1xx_hal_tim.o
    0x080028ba   0x080028ba   0x00000002   PAD
    0x080028bc   0x080028bc   0x00000002   Code   RO         1117    .text.HAL_TIM_IC_CaptureCallback  stm32f1xx_hal_tim.o
    0x080028be   0x080028be   0x00000002   PAD
    0x080028c0   0x080028c0   0x0000016a   Code   RO         1115    .text.HAL_TIM_IRQHandler  stm32f1xx_hal_tim.o
    0x08002a2a   0x08002a2a   0x00000002   PAD
    0x08002a2c   0x08002a2c   0x0000011c   Code   RO          313    .text.HAL_TIM_MspPostInit  stm32f1xx_hal_msp.o
    0x08002b48   0x08002b48   0x00000002   Code   RO         1119    .text.HAL_TIM_OC_DelayElapsedCallback  stm32f1xx_hal_tim.o
    0x08002b4a   0x08002b4a   0x00000002   PAD
    0x08002b4c   0x08002b4c   0x00000096   Code   RO         1147    .text.HAL_TIM_PWM_ConfigChannel  stm32f1xx_hal_tim.o
    0x08002be2   0x08002be2   0x00000002   PAD
    0x08002be4   0x08002be4   0x0000005a   Code   RO         1035    .text.HAL_TIM_PWM_Init  stm32f1xx_hal_tim.o
    0x08002c3e   0x08002c3e   0x00000002   PAD
    0x08002c40   0x08002c40   0x00000032   Code   RO          311    .text.HAL_TIM_PWM_MspInit  stm32f1xx_hal_msp.o
    0x08002c72   0x08002c72   0x00000002   PAD
    0x08002c74   0x08002c74   0x00000002   Code   RO         1121    .text.HAL_TIM_PWM_PulseFinishedCallback  stm32f1xx_hal_tim.o
    0x08002c76   0x08002c76   0x00000002   PAD
    0x08002c78   0x08002c78   0x000000d8   Code   RO         1043    .text.HAL_TIM_PWM_Start  stm32f1xx_hal_tim.o
    0x08002d50   0x08002d50   0x00000100   Code   RO         1047    .text.HAL_TIM_PWM_Start_IT  stm32f1xx_hal_tim.o
    0x08002e50   0x08002e50   0x0000008e   Code   RO         1045    .text.HAL_TIM_PWM_Stop  stm32f1xx_hal_tim.o
    0x08002ede   0x08002ede   0x00000002   PAD
    0x08002ee0   0x08002ee0   0x000000b8   Code   RO         1049    .text.HAL_TIM_PWM_Stop_IT  stm32f1xx_hal_tim.o
    0x08002f98   0x08002f98   0x00000002   Code   RO         1123    .text.HAL_TIM_PeriodElapsedCallback  stm32f1xx_hal_tim.o
    0x08002f9a   0x08002f9a   0x00000002   PAD
    0x08002f9c   0x08002f9c   0x0000004a   Code   RO         1183    .text.HAL_TIM_SlaveConfigSynchro  stm32f1xx_hal_tim.o
    0x08002fe6   0x08002fe6   0x00000002   PAD
    0x08002fe8   0x08002fe8   0x00000002   Code   RO         1125    .text.HAL_TIM_TriggerCallback  stm32f1xx_hal_tim.o
    0x08002fea   0x08002fea   0x00000002   PAD
    0x08002fec   0x08002fec   0x0000005e   Code   RO         1319    .text.HAL_UART_Init  stm32f1xx_hal_uart.o
    0x0800304a   0x0800304a   0x00000002   PAD
    0x0800304c   0x0800304c   0x0000007e   Code   RO          319    .text.HAL_UART_MspInit  stm32f1xx_hal_msp.o
    0x080030ca   0x080030ca   0x00000002   PAD
    0x080030cc   0x080030cc   0x000000cc   Code   RO         1335    .text.HAL_UART_Transmit  stm32f1xx_hal_uart.o
    0x08003198   0x08003198   0x00000030   Code   RO           21    .text.HD44780_ClearLCD  hd44780_driver.o
    0x080031c8   0x080031c8   0x00000126   Code   RO           11    .text.HD44780_Command  hd44780_driver.o
    0x080032ee   0x080032ee   0x00000002   PAD
    0x080032f0   0x080032f0   0x00000126   Code   RO           17    .text.HD44780_Data  hd44780_driver.o
    0x08003416   0x08003416   0x00000002   PAD
    0x08003418   0x08003418   0x00000022   Code   RO           27    .text.HD44780_SendString  hd44780_driver.o
    0x0800343a   0x0800343a   0x00000002   PAD
    0x0800343c   0x0800343c   0x0000002a   Code   RO           25    .text.HD44780_SetPos  hd44780_driver.o
    0x08003466   0x08003466   0x00000002   PAD
    0x08003468   0x08003468   0x00000002   Code   RO          232    .text.HardFault_Handler  stm32f1xx_it.o
    0x0800346a   0x0800346a   0x00000002   PAD
    0x0800346c   0x0800346c   0x0000001c   Code   RO          183    .text.LL_APB2_GRP1_EnableClock  main.o
    0x08003488   0x08003488   0x00000086   Code   RO          351    .text.LL_GPIO_Init  stm32f1xx_ll_gpio.o
    0x0800350e   0x0800350e   0x00000002   PAD
    0x08003510   0x08003510   0x00000010   Code   RO          181    .text.LL_GPIO_IsInputPinSet  main.o
    0x08003520   0x08003520   0x00000012   Code   RO          228    .text.LL_GPIO_IsInputPinSet  stm32f1xx_it.o
    0x08003532   0x08003532   0x00000002   PAD
    0x08003534   0x08003534   0x00000008   Code   RO           13    .text.LL_GPIO_ResetOutputPin  hd44780_driver.o
    0x0800353c   0x0800353c   0x00000008   Code   RO          185    .text.LL_GPIO_ResetOutputPin  main.o
    0x08003544   0x08003544   0x00000008   Code   RO           15    .text.LL_GPIO_SetOutputPin  hd44780_driver.o
    0x0800354c   0x0800354c   0x00000028   Code   RO          355    .text.LL_GPIO_SetPinMode  stm32f1xx_ll_gpio.o
    0x08003574   0x08003574   0x00000028   Code   RO          359    .text.LL_GPIO_SetPinOutputType  stm32f1xx_ll_gpio.o
    0x0800359c   0x0800359c   0x0000001a   Code   RO          353    .text.LL_GPIO_SetPinPull  stm32f1xx_ll_gpio.o
    0x080035b6   0x080035b6   0x00000002   PAD
    0x080035b8   0x080035b8   0x00000028   Code   RO          357    .text.LL_GPIO_SetPinSpeed  stm32f1xx_ll_gpio.o
    0x080035e0   0x080035e0   0x00000056   Code   RO          169    .text.MX_ADC1_Init  main.o
    0x08003636   0x08003636   0x00000002   PAD
    0x08003638   0x08003638   0x00000032   Code   RO          157    .text.MX_DMA_Init   main.o
    0x0800366a   0x0800366a   0x00000002   PAD
    0x0800366c   0x0800366c   0x000000fa   Code   RO          155    .text.MX_GPIO_Init  main.o
    0x08003766   0x08003766   0x00000002   PAD
    0x08003768   0x08003768   0x000000c0   Code   RO          171    .text.MX_TIM15_Init  main.o
    0x08003828   0x08003828   0x00000032   Code   RO          177    .text.MX_TIM16_Init  main.o
    0x0800385a   0x0800385a   0x00000002   PAD
    0x0800385c   0x0800385c   0x00000032   Code   RO          175    .text.MX_TIM17_Init  main.o
    0x0800388e   0x0800388e   0x00000002   PAD
    0x08003890   0x08003890   0x0000007c   Code   RO          167    .text.MX_TIM1_Init  main.o
    0x0800390c   0x0800390c   0x000000ac   Code   RO          161    .text.MX_TIM2_Init  main.o
    0x080039b8   0x080039b8   0x000000b6   Code   RO          165    .text.MX_TIM3_Init  main.o
    0x08003a6e   0x08003a6e   0x00000002   PAD
    0x08003a70   0x08003a70   0x00000072   Code   RO          179    .text.MX_TIM4_Init  main.o
    0x08003ae2   0x08003ae2   0x00000002   PAD
    0x08003ae4   0x08003ae4   0x0000004c   Code   RO          159    .text.MX_TIM6_Init  main.o
    0x08003b30   0x08003b30   0x0000004c   Code   RO          163    .text.MX_TIM7_Init  main.o
    0x08003b7c   0x08003b7c   0x00000038   Code   RO          173    .text.MX_USART1_UART_Init  main.o
    0x08003bb4   0x08003bb4   0x00000002   Code   RO          234    .text.MemManage_Handler  stm32f1xx_it.o
    0x08003bb6   0x08003bb6   0x00000002   PAD
    0x08003bb8   0x08003bb8   0x00000002   Code   RO          230    .text.NMI_Handler   stm32f1xx_it.o
    0x08003bba   0x08003bba   0x00000002   PAD
    0x08003bbc   0x08003bbc   0x0000002c   Code   RO          640    .text.NVIC_EncodePriority  stm32f1xx_hal_cortex.o
    0x08003be8   0x08003be8   0x00000002   Code   RO          244    .text.PendSV_Handler  stm32f1xx_it.o
    0x08003bea   0x08003bea   0x00000002   PAD
    0x08003bec   0x08003bec   0x0000002c   Code   RO          524    .text.RCC_Delay     stm32f1xx_hal_rcc.o
    0x08003c18   0x08003c18   0x00000002   Code   RO          240    .text.SVC_Handler   stm32f1xx_it.o
    0x08003c1a   0x08003c1a   0x00000002   PAD
    0x08003c1c   0x08003c1c   0x0000002e   Code   RO          656    .text.SysTick_Config  stm32f1xx_hal_cortex.o
    0x08003c4a   0x08003c4a   0x00000002   PAD
    0x08003c4c   0x08003c4c   0x00000008   Code   RO          246    .text.SysTick_Handler  stm32f1xx_it.o
    0x08003c54   0x08003c54   0x00000070   Code   RO          153    .text.SystemClock_Config  main.o
    0x08003cc4   0x08003cc4   0x00000002   Code   RO         1449    .text.SystemInit    system_stm32f1xx.o
    0x08003cc6   0x08003cc6   0x00000002   PAD
    0x08003cc8   0x08003cc8   0x00000002   Code   RO           39    .text.TIM16_usDelay_Init  timers.o
    0x08003cca   0x08003cca   0x00000002   PAD
    0x08003ccc   0x08003ccc   0x000000e8   Code   RO          252    .text.TIM1_TRG_COM_TIM17_IRQHandler  stm32f1xx_it.o
    0x08003db4   0x08003db4   0x0000011a   Code   RO          250    .text.TIM1_UP_TIM16_IRQHandler  stm32f1xx_it.o
    0x08003ece   0x08003ece   0x00000002   PAD
    0x08003ed0   0x08003ed0   0x00000024   Code   RO          254    .text.TIM4_IRQHandler  stm32f1xx_it.o
    0x08003ef4   0x08003ef4   0x000000dc   Code   RO          256    .text.TIM6_DAC_IRQHandler  stm32f1xx_it.o
    0x08003fd0   0x08003fd0   0x000005ea   Code   RO          258    .text.TIM7_IRQHandler  stm32f1xx_it.o
    0x080045ba   0x080045ba   0x00000002   PAD
    0x080045bc   0x080045bc   0x000000e4   Code   RO          985    .text.TIM_Base_SetConfig  stm32f1xx_hal_tim.o
    0x080046a0   0x080046a0   0x00000024   Code   RO         1019    .text.TIM_CCxChannelCmd  stm32f1xx_hal_tim.o
    0x080046c4   0x080046c4   0x0000005c   Code   RO         1005    .text.TIM_DMAError  stm32f1xx_hal_tim.o
    0x08004720   0x08004720   0x00000016   Code   RO         1171    .text.TIM_ETR_SetConfig  stm32f1xx_hal_tim.o
    0x08004736   0x08004736   0x00000002   PAD
    0x08004738   0x08004738   0x00000010   Code   RO         1177    .text.TIM_ITRx_SetConfig  stm32f1xx_hal_tim.o
    0x08004748   0x08004748   0x00000076   Code   RO         1129    .text.TIM_OC1_SetConfig  stm32f1xx_hal_tim.o
    0x080047be   0x080047be   0x00000002   PAD
    0x080047c0   0x080047c0   0x0000007e   Code   RO         1131    .text.TIM_OC2_SetConfig  stm32f1xx_hal_tim.o
    0x0800483e   0x0800483e   0x00000002   PAD
    0x08004840   0x08004840   0x00000080   Code   RO         1133    .text.TIM_OC3_SetConfig  stm32f1xx_hal_tim.o
    0x080048c0   0x080048c0   0x0000005a   Code   RO         1135    .text.TIM_OC4_SetConfig  stm32f1xx_hal_tim.o
    0x0800491a   0x0800491a   0x00000002   PAD
    0x0800491c   0x0800491c   0x00000086   Code   RO         1185    .text.TIM_SlaveTimer_SetConfig  stm32f1xx_hal_tim.o
    0x080049a2   0x080049a2   0x00000002   PAD
    0x080049a4   0x080049a4   0x00000022   Code   RO         1175    .text.TIM_TI1_ConfigInputStage  stm32f1xx_hal_tim.o
    0x080049c6   0x080049c6   0x00000002   PAD
    0x080049c8   0x080049c8   0x00000024   Code   RO         1179    .text.TIM_TI2_ConfigInputStage  stm32f1xx_hal_tim.o
    0x080049ec   0x080049ec   0x000000d4   Code   RO         1323    .text.UART_SetConfig  stm32f1xx_hal_uart.o
    0x08004ac0   0x08004ac0   0x00000064   Code   RO         1337    .text.UART_WaitOnFlagUntilTimeout  stm32f1xx_hal_uart.o
    0x08004b24   0x08004b24   0x00000002   Code   RO          238    .text.UsageFault_Handler  stm32f1xx_it.o
    0x08004b26   0x08004b26   0x00000002   PAD
    0x08004b28   0x08004b28   0x00000020   Code   RO          644    .text.__NVIC_EnableIRQ  stm32f1xx_hal_cortex.o
    0x08004b48   0x08004b48   0x00000010   Code   RO          636    .text.__NVIC_GetPriorityGrouping  stm32f1xx_hal_cortex.o
    0x08004b58   0x08004b58   0x00000022   Code   RO          638    .text.__NVIC_SetPriority  stm32f1xx_hal_cortex.o
    0x08004b7a   0x08004b7a   0x00000002   PAD
    0x08004b7c   0x08004b7c   0x00000020   Code   RO          632    .text.__NVIC_SetPriorityGrouping  stm32f1xx_hal_cortex.o
    0x08004b9c   0x08004b9c   0x00000044   Code   RO          147    .text.config_speed  main.o
    0x08004be0   0x08004be0   0x0000001c   Code   RO          220    .text.delay_ms2     stm32f1xx_it.o
    0x08004bfc   0x08004bfc   0x00000054   Code   RO           41    .text.delay_us      timers.o
    0x08004c50   0x08004c50   0x0000003a   Code   RO          222    .text.disp_render   stm32f1xx_it.o
    0x08004c8a   0x08004c8a   0x00000002   PAD
    0x08004c8c   0x08004c8c   0x0000021a   Code   RO          151    .text.main          main.o
    0x08004ea6   0x08004ea6   0x00000002   PAD
    0x08004ea8   0x08004ea8   0x00000012   Code   RO          143    .text.nema_start    main.o
    0x08004eba   0x08004eba   0x00000002   PAD
    0x08004ebc   0x08004ebc   0x00000024   Code   RO          141    .text.nema_start_part  main.o
    0x08004ee0   0x08004ee0   0x00000068   Code   RO          224    .text.read_callback_sensor  stm32f1xx_it.o
    0x08004f48   0x08004f48   0x00000006   Code   RO           61    .text.scale8        argb.o
    0x08004f4e   0x08004f4e   0x00000002   PAD
    0x08004f50   0x08004f50   0x00000564   Code   RO          226    .text.scan_keyb     stm32f1xx_it.o
    0x080054b4   0x080054b4   0x0000000e   Code   RO         1485    i._is_digit         c_w.l(__printf_wp.o)
    0x080054c2   0x080054c2   0x00000002   PAD
    0x080054c4   0x080054c4   0x0000002c   Code   RO         1611    locale$$code        c_w.l(lc_ctype_c.o)
    0x080054f0   0x080054f0   0x0000005e   Code   RO         1511    x$fpl$dfix          fz_ws.l(dfix.o)
    0x0800554e   0x0800554e   0x00000026   Code   RO         1515    x$fpl$dfltu         fz_ws.l(dflt_clz.o)
    0x08005574   0x08005574   0x00000154   Code   RO         1521    x$fpl$dmul          fz_ws.l(dmul.o)
    0x080056c8   0x080056c8   0x0000009c   Code   RO         1568    x$fpl$dnaninf       fz_ws.l(dnaninf.o)
    0x08005764   0x08005764   0x0000000c   Code   RO         1570    x$fpl$dretinf       fz_ws.l(dretinf.o)
    0x08005770   0x08005770   0x00000000   Code   RO         1576    x$fpl$usenofp       fz_ws.l(usenofp.o)
    0x08005770   0x08005770   0x00000011   Data   RO         1488    .constdata          c_w.l(__printf_flags_wp.o)
    0x08005781   0x08005781   0x00000010   Data   RO         1454    .rodata.AHBPrescTable  system_stm32f1xx.o
    0x08005791   0x08005791   0x00000008   Data   RO         1455    .rodata.APBPrescTable  system_stm32f1xx.o
    0x08005799   0x08005799   0x00000003   Data   RO          130    .rodata.str1.1      ba63.o
    0x0800579c   0x0800579c   0x0000000a   Data   RO          289    .rodata.str1.1      stm32f1xx_it.o
    0x080057a6   0x080057a6   0x00000002   PAD
    0x080057a8   0x080057a8   0x0000005d   Data   RO          198    .rodata.str1.4      main.o
    0x08005805   0x08005805   0x00000003   PAD
    0x08005808   0x08005808   0x00000020   Data   RO         1754    Region$$Table       anon$$obj.o
    0x08005828   0x08005828   0x00000110   Data   RO         1610    locale$$data        c_w.l(lc_ctype_c.o)


    Execution Region RW_IRAM1 (Exec base: 0x20000000, Load base: 0x08005938, Size: 0x00000d58, Max: 0x00002000, ABSOLUTE)

    Exec Addr    Load Addr    Size         Type   Attr      Idx    E Section Name        Object

    0x20000000   0x08005938   0x00000001   Data   RW           84    .data.ARGB_BR       argb.o
    0x20000001   0x08005939   0x00000003   PAD
    0x20000004   0x0800593c   0x00000004   Data   RW         1453    .data.SystemCoreClock  system_stm32f1xx.o
    0x20000008   0x08005940   0x00000100   Data   RW          125    .data.charSet866    ba63.o
    0x20000108   0x08005a40   0x00000004   Data   RW          126    .data.clearCmd      ba63.o
    0x2000010c   0x08005a44   0x00000003   Data   RW          127    .data.cpcode        ba63.o
    0x2000010f   0x08005a47   0x00000001   Data   RW          266    .data.govno         stm32f1xx_it.o
    0x20000110   0x08005a48   0x00000005   Data   RW          107    .data.ru_debug_adc  locale_ru.o
    0x20000115   0x08005a4d   0x00000006   Data   RW          108    .data.ru_debug_input  locale_ru.o
    0x2000011b   0x08005a53   0x0000000a   Data   RW          109    .data.ru_debug_ver  locale_ru.o
    0x20000125   0x08005a5d   0x00000015   Data   RW          106    .data.ru_finish     locale_ru.o
    0x2000013a   0x08005a72   0x00000015   Data   RW          100    .data.ru_frames_template  locale_ru.o
    0x2000014f   0x08005a87   0x00000015   Data   RW          104    .data.ru_paused     locale_ru.o
    0x20000164   0x08005a9c   0x00000015   Data   RW           98    .data.ru_ready      locale_ru.o
    0x20000179   0x08005ab1   0x00000015   Data   RW           96    .data.ru_rgb_template  locale_ru.o
    0x2000018e   0x08005ac6   0x00000015   Data   RW          101    .data.ru_user_irq_first  locale_ru.o
    0x200001a3   0x08005adb   0x00000015   Data   RW          102    .data.ru_user_irq_second  locale_ru.o
    0x200001b8   0x08005af0   0x00000006   Data   RW          128    .data.setCurPos     ba63.o
    0x200001be   0x08005af6   0x00000001   Data   RW          283    .data.shotLock      stm32f1xx_it.o
    0x200001bf   0x08005af7   0x00000001   PAD
    0x200001c0   0x08005af8   0x00000002   Data   RW          195    .data.timDelayMs    main.o
    0x200001c2   0x08005afa   0x00000001   Data   RW          510    .data.uwTickFreq    stm32f1xx_hal.o
    0x200001c3   0x08005afb   0x00000001   PAD
    0x200001c4   0x08005afc   0x00000004   Data   RW          509    .data.uwTickPrio    stm32f1xx_hal.o
    0x200001c8        -       0x00000060   Zero   RW         1578    .bss                c_w.l(libspace.o)
    0x20000228        -       0x00000001   Zero   RW           87    .bss.ARGB_LOC_ST    argb.o
    0x20000229   0x08005b00   0x00000001   PAD
    0x2000022a        -       0x00000002   Zero   RW           83    .bss.BUF_COUNTER    argb.o
    0x2000022c        -       0x000000c0   Zero   RW           82    .bss.PWM_BUF        argb.o
    0x200002ec        -       0x00000001   Zero   RW           85    .bss.PWM_HI         argb.o
    0x200002ed        -       0x00000001   Zero   RW           86    .bss.PWM_LO         argb.o
    0x200002ee        -       0x00000006   Zero   RW          271    .bss.RGB            stm32f1xx_it.o
    0x200002f4        -       0x00000060   Zero   RW           81    .bss.RGB_BUF        argb.o
    0x20000354        -       0x00000001   Zero   RW          275    .bss.RGBpointer     stm32f1xx_it.o
    0x20000355        -       0x00000006   Zero   RW          288    .bss.TIM1_UP_TIM16_IRQHandler.framChar  stm32f1xx_it.o
    0x2000035b   0x08005b00   0x00000001   PAD
    0x2000035c        -       0x00000055   Zero   RW          287    .bss.VBuf           stm32f1xx_it.o
    0x200003b1        -       0x00000005   Zero   RW          280    .bss.adc_cnt        stm32f1xx_it.o
    0x200003b6        -       0x00000004   Zero   RW          294    .bss.blueLevel      stm32f1xx_it.o
    0x200003ba        -       0x00000003   Zero   RW          281    .bss.callback_adc   stm32f1xx_it.o
    0x200003bd   0x08005b00   0x00000001   PAD
    0x200003be        -       0x00000002   Zero   RW          270    .bss.callback_analog  stm32f1xx_it.o
    0x200003c0        -       0x00000001   Zero   RW          264    .bss.cam_busy       stm32f1xx_it.o
    0x200003c1        -       0x00000001   Zero   RW          284    .bss.colorSet       stm32f1xx_it.o
    0x200003c2        -       0x00000002   Zero   RW           43    .bss.debud_value    timers.o
    0x200003c4        -       0x00000001   Zero   RW          194    .bss.debugMode      main.o
    0x200003c5        -       0x00000001   Zero   RW          277    .bss.delayPointer   stm32f1xx_it.o
    0x200003c6        -       0x00000001   Zero   RW          265    .bss.first_run      stm32f1xx_it.o
    0x200003c7   0x08005b00   0x00000001   PAD
    0x200003c8        -       0x00000002   Zero   RW          273    .bss.framCnt        stm32f1xx_it.o
    0x200003ca        -       0x00000015   Zero   RW          290    .bss.frame_cnt      stm32f1xx_it.o
    0x200003df        -       0x00000001   Zero   RW          267    .bss.govno2         stm32f1xx_it.o
    0x200003e0        -       0x00000002   Zero   RW          268    .bss.govno3         stm32f1xx_it.o
    0x200003e2        -       0x00000004   Zero   RW          293    .bss.greenLevel     stm32f1xx_it.o
    0x200003e6   0x08005b00   0x00000002   PAD
    0x200003e8        -       0x00000030   Zero   RW          201    .bss.hadc1          main.o
    0x20000418        -       0x00000044   Zero   RW          207    .bss.hdma_tim2_ch2_ch4  main.o
    0x2000045c        -       0x00000048   Zero   RW          202    .bss.htim1          main.o
    0x200004a4        -       0x00000048   Zero   RW          196    .bss.htim15         main.o
    0x200004ec        -       0x00000048   Zero   RW          206    .bss.htim16         main.o
    0x20000534        -       0x00000048   Zero   RW          200    .bss.htim17         main.o
    0x2000057c        -       0x00000048   Zero   RW          203    .bss.htim2          main.o
    0x200005c4        -       0x00000048   Zero   RW          197    .bss.htim3          main.o
    0x2000060c        -       0x00000048   Zero   RW          204    .bss.htim4          main.o
    0x20000654        -       0x00000048   Zero   RW          205    .bss.htim6          main.o
    0x2000069c        -       0x00000048   Zero   RW          199    .bss.htim7          main.o
    0x200006e4        -       0x00000044   Zero   RW          208    .bss.huart1         main.o
    0x20000728        -       0x00000001   Zero   RW          274    .bss.inputPointer   stm32f1xx_it.o
    0x20000729        -       0x00000001   Zero   RW          262    .bss.pausePending   stm32f1xx_it.o
    0x2000072a        -       0x00000004   Zero   RW          292    .bss.redLevel       stm32f1xx_it.o
    0x2000072e        -       0x00000001   Zero   RW          285    .bss.run            stm32f1xx_it.o
    0x2000072f   0x08005b00   0x00000001   PAD
    0x20000730        -       0x00000002   Zero   RW          269    .bss.speed          stm32f1xx_it.o
    0x20000732        -       0x00000001   Zero   RW          260    .bss.stop           stm32f1xx_it.o
    0x20000733        -       0x00000001   Zero   RW          276    .bss.timPointer     stm32f1xx_it.o
    0x20000734        -       0x00000015   Zero   RW          291    .bss.tmp_rgb_template  stm32f1xx_it.o
    0x20000749        -       0x00000001   Zero   RW          286    .bss.ttm            stm32f1xx_it.o
    0x2000074a   0x08005b00   0x00000002   PAD
    0x2000074c        -       0x00000004   Zero   RW          278    .bss.userInputString  stm32f1xx_it.o
    0x20000750        -       0x00000004   Zero   RW          511    .bss.uwTick         stm32f1xx_hal.o
    0x20000754        -       0x00000001   Zero   RW          282    .bss.writeLock      stm32f1xx_it.o
    0x20000755   0x08005b00   0x00000003   PAD
    0x20000758        -       0x00000200   Zero   RW            2    HEAP                startup_stm32f100xb.o
    0x20000958        -       0x00000400   Zero   RW            1    STACK               startup_stm32f100xb.o


==============================================================================

Image component sizes


      Code (inc. data)   RO Data    RW Data    ZI Data      Debug   Object Name

      1660          0          0          1        293      10092   argb.o
       240          0          3        269          0       2446   ba63.o
       728          4          0          0          0       3038   hd44780_driver.o
         0          0          0        168          0        782   locale_ru.o
      2312         16         93          2        833      14044   main.o
        64         26        288          0       1536        760   startup_stm32f100xb.o
       180          0          0          5          4       5523   stm32f1xx_hal.o
      1368          0          0          0          0      10777   stm32f1xx_hal_adc.o
       258          0          0          0          0       8630   stm32f1xx_hal_cortex.o
       816          0          0          0          0       7397   stm32f1xx_hal_dma.o
       516         20          0          0          0       4665   stm32f1xx_hal_gpio.o
      1228          0          0          0          0      10477   stm32f1xx_hal_msp.o
      1260         32          0          0          0       6797   stm32f1xx_hal_rcc.o
       374          0          0          0          0       2915   stm32f1xx_hal_rcc_ex.o
      3172         40          0          0          0      42557   stm32f1xx_hal_tim.o
       218          0          0          0          0      17679   stm32f1xx_hal_tim_ex.o
       610          0          0          0          0      20639   stm32f1xx_hal_uart.o
      3952         16         10          2        184       7631   stm32f1xx_it.o
       280          0          0          0          0       3458   stm32f1xx_ll_gpio.o
         2          0         24          4          0       1622   system_stm32f1xx.o
        86          0          0          0          2       1719   timers.o

    ----------------------------------------------------------------------
     19492        154        455        456       2864     183648   Object Totals
         0          0         32          0          0          0   (incl. Generated)
       168          0          5          5         12          0   (incl. Padding)

    ----------------------------------------------------------------------

      Code (inc. data)   RO Data    RW Data    ZI Data      Debug   Library Member Name

         8          0          0          0          0         68   __main.o
       312          4         17          0          0         92   __printf_flags_wp.o
        14          0          0          0          0         68   __printf_wp.o
         0          0          0          0          0          0   __rtentry.o
        12          0          0          0          0          0   __rtentry2.o
         6          0          0          0          0          0   __rtentry4.o
        52          8          0          0          0          0   __scatter.o
        26          0          0          0          0          0   __scatter_copy.o
        28          0          0          0          0          0   __scatter_zi.o
        28          0          0          0          0         68   _chval.o
        48          6          0          0          0         96   _printf_char_common.o
         6          0          0          0          0          0   _printf_d.o
       120         16          0          0          0         92   _printf_dec.o
       178          0          0          0          0         88   _printf_intcommon.o
        78          0          0          0          0        108   _printf_pad.o
         0          0          0          0          0          0   _printf_percent.o
         4          0          0          0          0          0   _printf_percent_end.o
        10          0          0          0          0         68   _sputc.o
       158          0          0          0          0         92   _strtoul.o
        16          0          0          0          0         68   aeabi_memset.o
        26          0          0          0          0         80   atoi.o
        18          0          0          0          0         80   exit.o
         6          0          0          0          0        152   heapauxi.o
         0          0          0          0          0          0   indicate_semi.o
        44         10        272          0          0         76   lc_ctype_c.o
         2          0          0          0          0          0   libinit.o
        20          0          0          0          0          0   libinit2.o
         2          0          0          0          0          0   libshutdown.o
         2          0          0          0          0          0   libshutdown2.o
         8          4          0          0         96         68   libspace.o
        40          6          0          0          0         84   noretval__2sprintf.o
        16          4          0          0          0         76   rt_ctype_table.o
         8          4          0          0          0         68   rt_errno_addr_intlibspace.o
         8          4          0          0          0         68   rt_locale_intlibspace.o
        68          0          0          0          0         68   rt_memclr.o
        78          0          0          0          0         80   rt_memclr_w.o
         2          0          0          0          0          0   rtexit.o
        10          0          0          0          0          0   rtexit2.o
       128          0          0          0          0         68   strcmpv7m.o
        72          0          0          0          0         80   strcpy.o
        86          0          0          0          0         76   strncpy.o
       112          0          0          0          0         88   strtol.o
        12          4          0          0          0         68   sys_exit.o
        74          0          0          0          0         80   sys_stackheap_outer.o
         2          0          0          0          0         68   use_no_semi.o
        94          4          0          0          0         92   dfix.o
        38          0          0          0          0         68   dflt_clz.o
       340         12          0          0          0        104   dmul.o
       156          4          0          0          0         92   dnaninf.o
        12          0          0          0          0         68   dretinf.o
         0          0          0          0          0          0   usenofp.o

    ----------------------------------------------------------------------
      2604         90        289          0         96       2760   Library Totals
        16          0          0          0          0          0   (incl. Padding)

    ----------------------------------------------------------------------

      Code (inc. data)   RO Data    RW Data    ZI Data      Debug   Library Name

      1948         70        289          0         96       2336   c_w.l
       640         20          0          0          0        424   fz_ws.l

    ----------------------------------------------------------------------
      2604         90        289          0         96       2760   Library Totals

    ----------------------------------------------------------------------

==============================================================================


      Code (inc. data)   RO Data    RW Data    ZI Data      Debug   

     22096        244        744        456       2960     184536   Grand Totals
     22096        244        744        456       2960     184536   ELF Image Totals
     22096        244        744        456          0          0   ROM Totals

==============================================================================

    Total RO  Size (Code + RO Data)                22840 (  22.30kB)
    Total RW  Size (RW Data + ZI Data)              3416 (   3.34kB)
    Total ROM Size (Code + RO Data + RW Data)      23296 (  22.75kB)

==============================================================================

